Archive member included to satisfy reference by file (symbol)

/home/hyena/nolibgs_hello_worlds/3d-eng/../psyq/lib/libapi.a(counter.o)
                              src/main.o (GetRCnt)
/home/hyena/nolibgs_hello_worlds/3d-eng/../psyq/lib/libapi.a(pad.o)
                              src/main.o (InitPAD)
/home/hyena/nolibgs_hello_worlds/3d-eng/../psyq/lib/libapi.a(patch.o)
                              /home/hyena/nolibgs_hello_worlds/3d-eng/../psyq/lib/libapi.a(pad.o) (_patch_pad)
/home/hyena/nolibgs_hello_worlds/3d-eng/../psyq/lib/libapi.a(a18.o)
                              /home/hyena/nolibgs_hello_worlds/3d-eng/../psyq/lib/libapi.a(pad.o) (InitPAD2)
/home/hyena/nolibgs_hello_worlds/3d-eng/../psyq/lib/libapi.a(a19.o)
                              /home/hyena/nolibgs_hello_worlds/3d-eng/../psyq/lib/libapi.a(pad.o) (StartPAD2)
/home/hyena/nolibgs_hello_worlds/3d-eng/../psyq/lib/libapi.a(a21.o)
                              /home/hyena/nolibgs_hello_worlds/3d-eng/../psyq/lib/libapi.a(pad.o) (PAD_init2)
/home/hyena/nolibgs_hello_worlds/3d-eng/../psyq/lib/libapi.a(a36.o)
                              /home/hyena/nolibgs_hello_worlds/3d-eng/../psyq/lib/libapi.a(pad.o) (EnterCriticalSection)
/home/hyena/nolibgs_hello_worlds/3d-eng/../psyq/lib/libapi.a(a37.o)
                              /home/hyena/nolibgs_hello_worlds/3d-eng/../psyq/lib/libapi.a(pad.o) (ExitCriticalSection)
/home/hyena/nolibgs_hello_worlds/3d-eng/../psyq/lib/libapi.a(a91.o)
                              /home/hyena/nolibgs_hello_worlds/3d-eng/../psyq/lib/libapi.a(pad.o) (ChangeClearPAD)
/home/hyena/nolibgs_hello_worlds/3d-eng/../psyq/lib/libapi.a(c68.o)
                              /home/hyena/nolibgs_hello_worlds/3d-eng/../psyq/lib/libapi.a(patch.o) (FlushCache)
/home/hyena/nolibgs_hello_worlds/3d-eng/../psyq/lib/libapi.a(chclrpad.o)
                              /home/hyena/nolibgs_hello_worlds/3d-eng/../psyq/lib/libapi.a(pad.o) (_remove_ChgclrPAD)
/home/hyena/nolibgs_hello_worlds/3d-eng/../psyq/lib/libapi.a(l02.o)
                              /home/hyena/nolibgs_hello_worlds/3d-eng/../psyq/lib/libapi.a(pad.o) (SysEnqIntRP)
/home/hyena/nolibgs_hello_worlds/3d-eng/../psyq/lib/libapi.a(l03.o)
                              /home/hyena/nolibgs_hello_worlds/3d-eng/../psyq/lib/libapi.a(pad.o) (SysDeqIntRP)
/home/hyena/nolibgs_hello_worlds/3d-eng/../psyq/lib/libc.a(c42.o)
                              src/main.o (memcpy)
/home/hyena/nolibgs_hello_worlds/3d-eng/../psyq/lib/libetc.a(intr.o)
                              src/main.o (VSyncCallback)
/home/hyena/nolibgs_hello_worlds/3d-eng/../psyq/lib/libetc.a(intr_dma.o)
                              /home/hyena/nolibgs_hello_worlds/3d-eng/../psyq/lib/libetc.a(intr.o) (startIntrDMA)
/home/hyena/nolibgs_hello_worlds/3d-eng/../psyq/lib/libetc.a(intr_vb.o)
                              /home/hyena/nolibgs_hello_worlds/3d-eng/../psyq/lib/libetc.a(intr.o) (startIntrVSync)
/home/hyena/nolibgs_hello_worlds/3d-eng/../psyq/lib/libetc.a(vsync.o)
                              src/main.o (VSync)
/home/hyena/nolibgs_hello_worlds/3d-eng/../psyq/lib/libgpu.a(e03.o)
                              src/psx.o (SetDefDrawEnv)
/home/hyena/nolibgs_hello_worlds/3d-eng/../psyq/lib/libgpu.a(e04.o)
                              src/psx.o (SetDefDispEnv)
/home/hyena/nolibgs_hello_worlds/3d-eng/../psyq/lib/libgpu.a(font.o)
                              src/main.o (FntFlush)
/home/hyena/nolibgs_hello_worlds/3d-eng/../psyq/lib/libgpu.a(p06.o)
                              src/graphics.o (AddPrim)
/home/hyena/nolibgs_hello_worlds/3d-eng/../psyq/lib/libgpu.a(p07.o)
                              src/main.o (AddPrims)
/home/hyena/nolibgs_hello_worlds/3d-eng/../psyq/lib/libgpu.a(p09.o)
                              /home/hyena/nolibgs_hello_worlds/3d-eng/../psyq/lib/libgpu.a(font.o) (TermPrim)
/home/hyena/nolibgs_hello_worlds/3d-eng/../psyq/lib/libgpu.a(p10.o)
                              /home/hyena/nolibgs_hello_worlds/3d-eng/../psyq/lib/libgpu.a(font.o) (SetSemiTrans)
/home/hyena/nolibgs_hello_worlds/3d-eng/../psyq/lib/libgpu.a(p11.o)
                              src/graphics.o (SetShadeTex)
/home/hyena/nolibgs_hello_worlds/3d-eng/../psyq/lib/libgpu.a(p15.o)
                              src/graphics.o (SetPolyGT3)
/home/hyena/nolibgs_hello_worlds/3d-eng/../psyq/lib/libgpu.a(p19.o)
                              src/graphics.o (SetPolyGT4)
/home/hyena/nolibgs_hello_worlds/3d-eng/../psyq/lib/libgpu.a(p20.o)
                              /home/hyena/nolibgs_hello_worlds/3d-eng/../psyq/lib/libgpu.a(font.o) (SetSprt8)
/home/hyena/nolibgs_hello_worlds/3d-eng/../psyq/lib/libgpu.a(p26.o)
                              /home/hyena/nolibgs_hello_worlds/3d-eng/../psyq/lib/libgpu.a(font.o) (SetTile)
/home/hyena/nolibgs_hello_worlds/3d-eng/../psyq/lib/libgpu.a(p41.o)
                              /home/hyena/nolibgs_hello_worlds/3d-eng/../psyq/lib/libgpu.a(font.o) (SetDrawMode)
[...]
Memory Configuration

Name             Origin             Length             Attributes
*default*        0x0000000000000000 0xffffffffffffffff
loader           0x000000008000f800 0x0000000000000800
ram              0x0000000080010000 0x00000000001f0000 xrw
dcache           0x000000001f800000 0x0000000000000400

Linker script and memory map

LOAD src/main.o
LOAD src/pad.o
LOAD src/math.o
LOAD src/camera.o
LOAD src/physics.o
LOAD src/graphics.o
LOAD src/psx.o
LOAD src/space.o
LOAD src/sound.o
LOAD levels/level0.o
LOAD levels/level1.o
LOAD TIM/home.o
LOAD TIM/cat.o
LOAD TIM/lara.o
LOAD TIM/bg_camPath.o
LOAD TIM/bg_camPath_001.o
LOAD TIM/bg_camPath_002.o
LOAD TIM/bg_camPath_003.o
LOAD TIM/bg_camPath_004.o
LOAD TIM/bg_camPath_005.o
LOAD TIM/ground.o
LOAD TIM/trees.o
LOAD TIM/woods.o
LOAD VAG/hello.o
LOAD VAG/poly.o
LOAD VAG/0_come.o
LOAD VAG/1_cuek.o
LOAD VAG/2_erro.o
LOAD VAG/3_hehe.o
LOAD VAG/4_m4a1.o
LOAD VAG/5_punc.o
LOAD VAG/7_wron.o
LOAD VAG/8_yooo.o
LOAD /home/hyena/nolibgs_hello_worlds/3d-eng/thirdparty/nugget/common/crt0/crt0.o
LOAD /home/hyena/nolibgs_hello_worlds/3d-eng/thirdparty/nugget/common/syscalls/printf.o
START GROUP
LOAD /home/hyena/nolibgs_hello_worlds/3d-eng/../psyq/lib/libapi.a
LOAD /home/hyena/nolibgs_hello_worlds/3d-eng/../psyq/lib/libc.a
LOAD /home/hyena/nolibgs_hello_worlds/3d-eng/../psyq/lib/libc2.a
LOAD /home/hyena/nolibgs_hello_worlds/3d-eng/../psyq/lib/libcard.a
LOAD /home/hyena/nolibgs_hello_worlds/3d-eng/../psyq/lib/libcomb.a
LOAD /home/hyena/nolibgs_hello_worlds/3d-eng/../psyq/lib/libds.a
LOAD /home/hyena/nolibgs_hello_worlds/3d-eng/../psyq/lib/libetc.a
LOAD /home/hyena/nolibgs_hello_worlds/3d-eng/../psyq/lib/libgpu.a
LOAD /home/hyena/nolibgs_hello_worlds/3d-eng/../psyq/lib/libgs.a
LOAD /home/hyena/nolibgs_hello_worlds/3d-eng/../psyq/lib/libgte.a
LOAD /home/hyena/nolibgs_hello_worlds/3d-eng/../psyq/lib/libgun.a
LOAD /home/hyena/nolibgs_hello_worlds/3d-eng/../psyq/lib/libhmd.a
LOAD /home/hyena/nolibgs_hello_worlds/3d-eng/../psyq/lib/libmath.a
LOAD /home/hyena/nolibgs_hello_worlds/3d-eng/../psyq/lib/libmcrd.a
LOAD /home/hyena/nolibgs_hello_worlds/3d-eng/../psyq/lib/libmcx.a
LOAD /home/hyena/nolibgs_hello_worlds/3d-eng/../psyq/lib/libpad.a
LOAD /home/hyena/nolibgs_hello_worlds/3d-eng/../psyq/lib/libpress.a
LOAD /home/hyena/nolibgs_hello_worlds/3d-eng/../psyq/lib/libsio.a
LOAD /home/hyena/nolibgs_hello_worlds/3d-eng/../psyq/lib/libsnd.a
LOAD /home/hyena/nolibgs_hello_worlds/3d-eng/../psyq/lib/libspu.a
LOAD /home/hyena/nolibgs_hello_worlds/3d-eng/../psyq/lib/libtap.a
LOAD /home/hyena/nolibgs_hello_worlds/3d-eng/../psyq/lib/libcd.a
END GROUP
                0x00000000800f417c                __heap_base = MAX (__lvl0_end, __lvl1_end)

.lvlload        0x00000000800df76c        0x0
                0x00000000800df76c                load_all_overlays_here = .
                [!provide]                        PROVIDE (__load_start_lvlload = LOADADDR (.lvlload))
                [!provide]                        PROVIDE (__load_stop_lvlload = (LOADADDR (.lvlload) + SIZEOF (.lvlload)))

.lvl0           0x00000000800df76c     0x8430
 levels/level0.o(.text)
 .text          0x00000000800df76c        0x0 levels/level0.o
                0x00000000800df76c                __lvl0_ctor = .
 levels/level0.o(.text.startup._GLOBAL__*)
 levels/level0.o(.text.*)
 levels/level0.o(.rodata*)
 levels/level0.o(.sdata*)
 levels/level0.o(.data*)
 .data          0x00000000800df76c     0x83f0 levels/level0.o
                0x00000000800df76c                level0
                0x00000000800df7ac                level0_sounds
                0x00000000800df7d8                level0_Speaker_010
                0x00000000800df804                level0_Speaker_009
                0x00000000800df830                level0_Speaker_008
                0x00000000800df85c                level0_Speaker_007
                0x00000000800df888                level0_Speaker_006
                0x00000000800df8b4                level0_Speaker_005
                0x00000000800df8e0                level0_Speaker_004
                0x00000000800df90c                level0_Speaker_003
                0x00000000800df938                level0_Speaker_001
                0x00000000800df964                level0_Speaker
                0x00000000800df990                level0_XAFiles
                0x00000000800df998                level0_XABank_0
                0x00000000800df9c8                level0_VAGBank
                0x00000000800dfa38                level0_curNode
                0x00000000800dfa3c                level0_camPtr
                0x00000000800dfa40                level0_propPtr
                0x00000000800dfa44                level0_levelPtr
                0x00000000800dfa48                level0_actorPtr
                0x00000000800dfa4c                level0_nodePlane
                0x00000000800dfa5c                level0_nodePlane_rigidbodies
                0x00000000800dfa68                level0_nodePlane_objects
                0x00000000800dfa80                level0_camAngle_Camera
                0x00000000800dfb14                level0_meshes_length
                0x00000000800dfb18                level0_meshes
                0x00000000800dfb34                level0_meshPlane_006
                0x00000000800dfbc0                level0_modelPlane_006
                0x00000000800dfbd4                level0_modelPlane_006_body
                0x00000000800dfc30                level0_modelPlane_006_index
                0x00000000800dfd70                level0_modelPlane_006_color
                0x00000000800dfe70                level0_modelPlane_006_uv
                0x00000000800e0070                level0_modelPlane_006_normal
                0x00000000800e0180                level0_modelPlane_006_mesh
                0x00000000800e0290                level0_meshPlane_005
                0x00000000800e031c                level0_modelPlane_005
                0x00000000800e0330                level0_modelPlane_005_body
                0x00000000800e038c                level0_modelPlane_005_index
                0x00000000800e04cc                level0_modelPlane_005_color
                0x00000000800e05cc                level0_modelPlane_005_uv
                0x00000000800e07cc                level0_modelPlane_005_normal
                0x00000000800e08dc                level0_modelPlane_005_mesh
                0x00000000800e09ec                level0_meshPlane_002
                0x00000000800e0a78                level0_modelPlane_002
                0x00000000800e0a8c                level0_modelPlane_002_body
                0x00000000800e0ae8                level0_modelPlane_002_index
                0x00000000800e0c28                level0_modelPlane_002_color
                0x00000000800e0d28                level0_modelPlane_002_uv
                0x00000000800e0f28                level0_modelPlane_002_normal
                0x00000000800e1038                level0_modelPlane_002_mesh
                0x00000000800e1148                level0_meshPlane_001
                0x00000000800e11d4                level0_modelPlane_001
                0x00000000800e11e8                level0_modelPlane_001_body
                0x00000000800e1244                level0_modelPlane_001_index
                0x00000000800e2644                level0_modelPlane_001_color
                0x00000000800e3644                level0_modelPlane_001_uv
                0x00000000800e5644                level0_modelPlane_001_normal
                0x00000000800e5f4c                level0_modelPlane_001_mesh
                0x00000000800e6854                level0_meshPlane_000
                0x00000000800e68e0                level0_modelPlane_000
                0x00000000800e68f4                level0_modelPlane_000_body
                0x00000000800e6950                level0_modelPlane_000_index
                0x00000000800e6a90                level0_modelPlane_000_color
                0x00000000800e6b90                level0_modelPlane_000_uv
                0x00000000800e6d90                level0_modelPlane_000_normal
                0x00000000800e6ea0                level0_modelPlane_000_mesh
                0x00000000800e6fb0                level0_meshCube_001
                0x00000000800e703c                level0_modelCube_001
                0x00000000800e7050                level0_modelCube_001_body
                0x00000000800e70ac                level0_modelCube_001_index
                0x00000000800e7124                level0_modelCube_001_color
                0x00000000800e716c                level0_modelCube_001_normal
                0x00000000800e71ac                level0_modelCube_001_mesh
                0x00000000800e71ec                level0_meshCube
                0x00000000800e7278                level0_modelCube
                0x00000000800e728c                level0_modelCube_body
                0x00000000800e72e8                level0_modelCube_index
                0x00000000800e7360                level0_modelCube_color
                0x00000000800e73c0                level0_modelCube_normal
                0x00000000800e7400                level0_modelCube_mesh
                0x00000000800e7440                level0_cmat
                0x00000000800e7460                level0_lgtmat
                0x00000000800e7480                level0_camPos_Camera
                0x00000000800e7490                level0_modelCube_001_anim_KeyAction_004
                0x00000000800e75b8                level0_modelCube_001_anim_KeyAction
                0x00000000800e7728                level0_modelCube_001_anim_KeyAction_002
                0x00000000800e7880                level0_modelCube_001_anim_KeyAction_001
                0x00000000800e7a38                level0_modelCube_001_anim_KeyAction_003
                0x00000000800e7b30                level0_modelCube_001_anims
                0x00000000800e7b48                level0_BKc
                0x00000000800e7b58                level0_BGc
 levels/level0.o(.sbss*)
 levels/level0.o(.bss*)
 .bss           0x00000000800e7b5c       0x40 levels/level0.o
                0x00000000800e7b5c                level0_nodePlane_siblings
                0x00000000800e7b64                level0_tim_woods
                0x00000000800e7b64                level0_camAngles
                0x00000000800e7b78                level0_camPath
 levels/level0.o(.ctors)
                0x00000000800e7b9c                . = ALIGN (0x4)
                0x00000000800e7b9c                __lvl0_end = .
                [!provide]                        PROVIDE (__load_start_lvl0 = LOADADDR (.lvl0))
                [!provide]                        PROVIDE (__load_stop_lvl0 = (LOADADDR (.lvl0) + SIZEOF (.lvl0)))

.lvl1           0x00000000800df76c    0x14a10 load address 0x00000000800e7b9c
 levels/level1.o(.text)
 .text          0x00000000800df76c        0x0 levels/level1.o
                0x00000000800df76c                __lvl1_ctor = .
 levels/level1.o(.text.startup._GLOBAL__*)
 levels/level1.o(.text.*)
 levels/level1.o(.rodata*)
 levels/level1.o(.sdata*)
 levels/level1.o(.data*)
 .data          0x00000000800df76c    0x149c0 levels/level1.o
                0x00000000800df76c                level1
                0x00000000800df7ac                level1_curNode
                0x00000000800df7b0                level1_camPtr
                0x00000000800df7b4                level1_propPtr
                0x00000000800df7b8                level1_levelPtr
                0x00000000800df7bc                level1_actorPtr
                0x00000000800df7c0                level1_nodegnd_003
                0x00000000800df7d0                level1_nodegnd_003_rigidbodies
                0x00000000800df7dc                level1_nodegnd_003_siblings
                0x00000000800df7e4                level1_nodegnd_001
                0x00000000800df7f4                level1_nodegnd_001_rigidbodies
                0x00000000800df800                level1_nodegnd_001_objects
                0x00000000800df814                level1_nodegnd_001_siblings
                0x00000000800df81c                level1_nodegnd_002
                0x00000000800df82c                level1_nodegnd_002_rigidbodies
                0x00000000800df838                level1_nodegnd_002_objects
                0x00000000800df840                level1_nodegnd_002_siblings
                0x00000000800df848                level1_nodegnd
                0x00000000800df858                level1_nodegnd_rigidbodies
                0x00000000800df864                level1_nodegnd_objects
                0x00000000800df87c                level1_nodegnd_siblings
                0x00000000800df88c                level1_camAngle_camPath_001
                0x00000000800df920                level1_meshes_length
                0x00000000800df924                level1_meshes
                0x00000000800df960                level1_meshwall_003
                0x00000000800df9ec                level1_modelwall_003
                0x00000000800dfa00                level1_modelwall_003_body
                0x00000000800dfa5c                level1_modelwall_003_index
                0x00000000800dfb4c                level1_modelwall_003_color
                0x00000000800dfbdc                level1_modelwall_003_uv
                0x00000000800dfcfc                level1_modelwall_003_normal
                0x00000000800dfd5c                level1_modelwall_003_mesh
                0x00000000800dfdbc                level1_meshwall_002
                0x00000000800dfe48                level1_modelwall_002
                0x00000000800dfe5c                level1_modelwall_002_body
                0x00000000800dfeb8                level1_modelwall_002_index
                0x00000000800e0048                level1_modelwall_002_color
                0x00000000800e0138                level1_modelwall_002_uv
                0x00000000800e0318                level1_modelwall_002_normal
                0x00000000800e03a8                level1_modelwall_002_mesh
                0x00000000800e0438                level1_meshwall_001
                0x00000000800e04c4                level1_modelwall_001
                0x00000000800e04d8                level1_modelwall_001_body
                0x00000000800e0534                level1_modelwall_001_index
                0x00000000800e06c4                level1_modelwall_001_color
                0x00000000800e07b4                level1_modelwall_001_uv
                0x00000000800e0994                level1_modelwall_001_normal
                0x00000000800e0a24                level1_modelwall_001_mesh
                0x00000000800e0ab4                level1_meshwall
                0x00000000800e0b40                level1_modelwall
                0x00000000800e0b54                level1_modelwall_body
                0x00000000800e0bb0                level1_modelwall_index
                0x00000000800e0ca0                level1_modelwall_color
                0x00000000800e0d30                level1_modelwall_uv
                0x00000000800e0e50                level1_modelwall_normal
                0x00000000800e0eb0                level1_modelwall_mesh
                0x00000000800e0f10                level1_meshSphere_001
                0x00000000800e0f9c                level1_modelSphere_001
                0x00000000800e0fb0                level1_modelSphere_001_body
                0x00000000800e100c                level1_modelSphere_001_index
                0x00000000800e13f4                level1_modelSphere_001_color
                0x00000000800e164c                level1_modelSphere_001_uv
                0x00000000800e1afc                level1_modelSphere_001_normal
                0x00000000800e1bd4                level1_modelSphere_001_mesh
                0x00000000800e1cac                level1_meshSphere
                0x00000000800e1d38                level1_modelSphere
                0x00000000800e1d4c                level1_modelSphere_body
                0x00000000800e1da8                level1_modelSphere_index
                0x00000000800e2190                level1_modelSphere_color
                0x00000000800e23e8                level1_modelSphere_uv
                0x00000000800e2898                level1_modelSphere_normal
                0x00000000800e2970                level1_modelSphere_mesh
                0x00000000800e2a48                level1_meshPlan
                0x00000000800e2ad4                level1_modelPlan
                0x00000000800e2ae8                level1_modelPlan_body
                0x00000000800e2b44                level1_modelPlan_index
                0x00000000800e2b58                level1_modelPlan_color
                0x00000000800e2b64                level1_modelPlan_uv
                0x00000000800e2b84                level1_modelPlan_normal
                0x00000000800e2ba4                level1_modelPlan_mesh
                0x00000000800e2bc4                level1_meshobject
                0x00000000800e2c50                level1_modelobject
                0x00000000800e2c64                level1_modelobject_body
                0x00000000800e2cc0                level1_modelobject_index
                0x00000000800e2db0                level1_modelobject_color
                0x00000000800e2e40                level1_modelobject_uv
                0x00000000800e2f60                level1_modelobject_normal
                0x00000000800e2fa0                level1_modelobject_mesh
                0x00000000800e2fe0                level1_meshLara
                0x00000000800e306c                level1_modelLara
                0x00000000800e3080                level1_modelLara_body
                0x00000000800e30dc                level1_modelLara_index
                0x00000000800e6714                level1_modelLara_color
                0x00000000800e879c                level1_modelLara_uv
                0x00000000800ec8ac                level1_modelLara_normal
                0x00000000800ed36c                level1_modelLara_mesh
                0x00000000800ede2c                level1_meshgnd_002
                0x00000000800edeb8                level1_modelgnd_002
                0x00000000800edecc                level1_modelgnd_002_body
                0x00000000800edf28                level1_modelgnd_002_index
                0x00000000800ee180                level1_modelgnd_002_color
                0x00000000800ee2e8                level1_modelgnd_002_uv
                0x00000000800ee5b8                level1_modelgnd_002_normal
                0x00000000800ee678                level1_modelgnd_002_mesh
                0x00000000800ee738                level1_meshgnd_003
                0x00000000800ee7c4                level1_modelgnd_003
                0x00000000800ee7d8                level1_modelgnd_003_body
                0x00000000800ee834                level1_modelgnd_003_index
                0x00000000800eea8c                level1_modelgnd_003_color
                0x00000000800eebf4                level1_modelgnd_003_uv
                0x00000000800eeec4                level1_modelgnd_003_normal
                0x00000000800eef84                level1_modelgnd_003_mesh
                0x00000000800ef044                level1_meshgnd_001
                0x00000000800ef0d0                level1_modelgnd_001
                0x00000000800ef0e4                level1_modelgnd_001_body
                0x00000000800ef140                level1_modelgnd_001_index
                0x00000000800ef398                level1_modelgnd_001_color
                0x00000000800ef500                level1_modelgnd_001_uv
                0x00000000800ef7d0                level1_modelgnd_001_normal
                0x00000000800ef890                level1_modelgnd_001_mesh
                0x00000000800ef950                level1_meshgnd
                0x00000000800ef9dc                level1_modelgnd
                0x00000000800ef9f0                level1_modelgnd_body
                0x00000000800efa4c                level1_modelgnd_index
                0x00000000800efe0c                level1_modelgnd_color
                0x00000000800f004c                level1_modelgnd_uv
                0x00000000800f04cc                level1_modelgnd_normal
                0x00000000800f05ec                level1_modelgnd_mesh
                0x00000000800f070c                level1_meshCylindre
                0x00000000800f0798                level1_modelCylindre
                0x00000000800f07ac                level1_modelCylindre_body
                0x00000000800f0808                level1_modelCylindre_index
                0x00000000800f0b00                level1_modelCylindre_color
                0x00000000800f0cc8                level1_modelCylindre_uv
                0x00000000800f1058                level1_modelCylindre_normal
                0x00000000800f1100                level1_modelCylindre_mesh
                0x00000000800f11a8                level1_meshCube
                0x00000000800f1234                level1_modelCube
                0x00000000800f1248                level1_modelCube_body
                0x00000000800f12a4                level1_modelCube_index
                0x00000000800f1b14                level1_modelCube_color
                0x00000000800f2024                level1_modelCube_uv
                0x00000000800f2a44                level1_modelCube_normal
                0x00000000800f2c04                level1_modelCube_mesh
                0x00000000800f2dc4                level1_cmat
                0x00000000800f2de4                level1_lgtmat
                0x00000000800f2e04                level1_camPath
                0x00000000800f2e5c                level1_camPos_camPath_005
                0x00000000800f2e6c                level1_camPos_camPath_004
                0x00000000800f2e7c                level1_camPos_camPath_003
                0x00000000800f2e8c                level1_camPos_camPath_002
                0x00000000800f2e9c                level1_camPos_camPath_001
                0x00000000800f2eac                level1_camPos_camPath
                0x00000000800f2ebc                level1_modelCylindre_anim_Cylindre
                0x00000000800f33c8                level1_modelCylindre_anims
                0x00000000800f33d0                level1_modelCube_anim_Cube
                0x00000000800f4110                level1_modelCube_anims
                0x00000000800f4118                level1_BKc
                0x00000000800f4128                level1_BGc
 levels/level1.o(.sbss*)
 levels/level1.o(.bss*)
 .bss           0x00000000800f412c       0x50 levels/level1.o
                0x00000000800f412c                level1_nodegnd_003_objects
                0x00000000800f4134                level1_camAngles
                0x00000000800f4134                level1_tim_lara
                0x00000000800f4148                level1_tim_home
                0x00000000800f415c                level1_tim_cat
 levels/level1.o(.ctors)
                0x00000000800f417c                . = ALIGN (0x4)
                0x00000000800f417c                __lvl1_end = .
                [!provide]                        PROVIDE (__load_start_lvl1 = LOADADDR (.lvl1))
                [!provide]                        PROVIDE (__load_stop_lvl1 = (LOADADDR (.lvl1) + SIZEOF (.lvl1)))
                0x0000000080010000                TLOAD_ADDR = DEFINED (TLOAD_ADDR)?TLOAD_ADDR:0x80010000
                0x0000000080200000                __ram_top = (ORIGIN (ram) + LENGTH (ram))
                0x00000000801fff00                __sp = (__ram_top - 0x100)
                0x000000001f800000                __dcache = ORIGIN (dcache)
                0x000000001f800400                __dcache_top = (ORIGIN (dcache) + LENGTH (dcache))
                0x0000000000078f6c                __bss_len = (__bss_end - __bss_start)
                0x00000000000136e0                __ftext_len = (__ftext_end - __ftext_start)
                0x0000000000043120                __fdata_len = (__fdata_end - __fdata_start)
                0x0000000080200000                __stack_start = (ORIGIN (ram) + LENGTH (ram))

.PSX_EXE_Header
                0x000000008000f800      0x800
                0x000000008000f800        0x1 BYTE 0x50
                0x000000008000f801        0x1 BYTE 0x53
                0x000000008000f802        0x1 BYTE 0x2d
                0x000000008000f803        0x1 BYTE 0x58
                0x000000008000f804        0x1 BYTE 0x20
                0x000000008000f805        0x1 BYTE 0x45
                0x000000008000f806        0x1 BYTE 0x58
                0x000000008000f807        0x1 BYTE 0x45
                0x000000008000f808        0x4 LONG 0x0
                0x000000008000f80c        0x4 LONG 0x0
                0x000000008000f810        0x4 LONG 0x80010000 ABSOLUTE (_start)
                0x000000008000f814        0x4 LONG 0x0
                0x000000008000f818        0x4 LONG 0x80010000 TLOAD_ADDR
                0x000000008000f81c        0x4 LONG 0x56800 (__ftext_len + __fdata_len)
                0x000000008000f820        0x4 LONG 0x0
                0x000000008000f824        0x4 LONG 0x0
                0x000000008000f828        0x4 LONG 0x0
                0x000000008000f82c        0x4 LONG 0x0
                0x000000008000f830        0x4 LONG 0x801fff00 DEFINED (_sp)?ABSOLUTE (_sp):0x801fff00
                0x000000008000f834        0x4 LONG 0x0
                0x0000000080010000                . = (. + 0x7c8)
 *fill*         0x000000008000f838      0x7c8 
                0x0000000080010000                __ftext_start = ABSOLUTE (.)

.text           0x0000000080010000    0x136d0
 *(.start)
 .start         0x0000000080010000       0x64 /home/hyena/nolibgs_hello_worlds/3d-eng/thirdparty/nugget/common/crt0/crt0.o
                0x0000000080010000                _start
 *(.init)
 *(SORT_NONE(.fini))
 *(.text.unlikely .text.*_unlikely .text.unlikely.*)
 *(.text.exit .text.exit.*)
 *(.text.startup .text.startup.*)
 .text.startup.main
                0x0000000080010064     0x1544 src/main.o
                0x0000000080010064                main
 *(.text.hot .text.hot.*)
 *(.text .stub .text.* .gnu.linkonce.t.*)
 .text.callback
                0x00000000800115a8      0xb54 src/main.o
                0x00000000800115a8                callback
 .text.get_digital_direction
                0x00000000800120fc       0x7c src/pad.o
                0x00000000800120fc                get_digital_direction
 .text.read_controller
                0x0000000080012178       0xe8 src/pad.o
                0x0000000080012178                read_controller
 .text.generateTable
                0x0000000080012260       0x78 src/math.o
                0x0000000080012260                generateTable
 .text.ncos     0x00000000800122d8       0x68 src/math.o
                0x00000000800122d8                ncos
 .text.nsin     0x0000000080012340       0x1c src/math.o
                0x0000000080012340                nsin
 .text.patan    0x000000008001235c       0xb4 src/math.o
                0x000000008001235c                patan
 .text.psqrt    0x0000000080012410       0x48 src/math.o
                0x0000000080012410                psqrt
 .text.lerpD    0x0000000080012458       0x40 src/math.o
                0x0000000080012458                lerpD
 .text.lerp     0x0000000080012498       0x18 src/math.o
                0x0000000080012498                lerp
 .text.easeIn   0x00000000800124b0       0xa4 src/math.o
                0x00000000800124b0                easeIn
 .text.getVectorTo
                0x0000000080012554       0x98 src/math.o
                0x0000000080012554                getVectorTo
 .text.getCameraXZ
                0x00000000800125ec       0x94 src/camera.o
                0x00000000800125ec                getCameraXZ
 .text.getCameraZY
                0x0000000080012680       0x94 src/camera.o
                0x0000000080012680                getCameraZY
 .text.applyCamera
                0x0000000080012714       0xd0 src/camera.o
                0x0000000080012714                applyCamera
 .text.setCameraPos
                0x00000000800127e4       0x48 src/camera.o
                0x00000000800127e4                setCameraPos
 .text.setCameraMode
                0x000000008001282c      0x8d8 src/camera.o
                0x000000008001282c                setCameraMode
 .text.checkLineW
                0x0000000080013104       0xd8 src/physics.o
                0x0000000080013104                checkLineW
 .text.getIntCollision
                0x00000000800131dc       0xe0 src/physics.o
                0x00000000800131dc                getIntCollision
 .text.getExtCollision
                0x00000000800132bc       0xe8 src/physics.o
                0x00000000800132bc                getExtCollision
 .text.checkBodyCol
                0x00000000800133a4      0x17c src/physics.o
                0x00000000800133a4                checkBodyCol
 .text.applyAcceleration
                0x0000000080013520      0x130 src/physics.o
                0x0000000080013520                applyAcceleration
 .text.angularMom
                0x0000000080013650       0x78 src/physics.o
                0x0000000080013650                angularMom
 .text.applyAngMom
                0x00000000800136c8       0xfc src/physics.o
                0x00000000800136c8                applyAngMom
 .text.respawnMesh
                0x00000000800137c4       0x80 src/physics.o
                0x00000000800137c4                respawnMesh
 .text.updateLight
                0x0000000080013844      0x158 src/graphics.o
                0x0000000080013844                updateLight
 .text.enlightMesh
                0x000000008001399c      0x27c src/graphics.o
                0x000000008001399c                enlightMesh
 .text.transformMesh
                0x0000000080013c18      0x1d4 src/graphics.o
                0x0000000080013c18                transformMesh
 .text.set3VertexLerPos
                0x0000000080013dec      0x524 src/graphics.o
                0x0000000080013dec                set3VertexLerPos
 .text.set3VertexPos
                0x0000000080014310      0x3b4 src/graphics.o
                0x0000000080014310                set3VertexPos
 .text.set4VertexLerPos
                0x00000000800146c4      0x6bc src/graphics.o
                0x00000000800146c4                set4VertexLerPos
 .text.set4VertexPos
                0x0000000080014d80      0x4ec src/graphics.o
                0x0000000080014d80                set4VertexPos
 .text.interpolateTri
                0x000000008001526c       0x7c src/graphics.o
                0x000000008001526c                interpolateTri
 .text.interpolateQuad
                0x00000000800152e8       0x7c src/graphics.o
                0x00000000800152e8                interpolateQuad
 .text.set3Prism
                0x0000000080015364      0x1dc src/graphics.o
                0x0000000080015364                set3Prism
 .text.set4Prism
                0x0000000080015540      0x280 src/graphics.o
                0x0000000080015540                set4Prism
 .text.set3Tex  0x00000000800157c0      0x304 src/graphics.o
                0x00000000800157c0                set3Tex
 .text.set4Tex  0x0000000080015ac4      0x3c0 src/graphics.o
                0x0000000080015ac4                set4Tex
 .text.drawQuad
                0x0000000080015e84      0x484 src/graphics.o
                0x0000000080015e84                drawQuad
 .text.drawTri  0x0000000080016308      0x450 src/graphics.o
                0x0000000080016308                drawTri
 .text.drawPoly
                0x0000000080016758      0x14c src/graphics.o
                0x0000000080016758                drawPoly
 .text.drawBG   0x00000000800168a4      0x2b4 src/graphics.o
                0x00000000800168a4                drawBG
 .text.renderScene
                0x0000000080016b58      0x4c8 src/graphics.o
                0x0000000080016b58                renderScene
 .text.setDCLightEnv
                0x0000000080017020       0x64 src/psx.o
                0x0000000080017020                setDCLightEnv
 .text.setLightEnv
                0x0000000080017084       0x90 src/psx.o
                0x0000000080017084                setLightEnv
 .text.init     0x0000000080017114      0x18c src/psx.o
                0x0000000080017114                init
 .text.display  0x00000000800172a0       0x9c src/psx.o
                0x00000000800172a0                display
 .text.LvlPtrSet
                0x000000008001733c       0xc0 src/psx.o
                0x000000008001733c                LvlPtrSet
 .text.LoadLevelCD
                0x00000000800173fc       0x38 src/psx.o
                0x00000000800173fc                LoadLevelCD
 .text.LoadTexture
                0x0000000080017434       0x7c src/psx.o
                0x0000000080017434                LoadTexture
 .text.SwitchLevel
                0x00000000800174b0      0x364 src/psx.o
                0x00000000800174b0                SwitchLevel
 .text.worldToScreen
                0x0000000080017814       0x7c src/space.o
                0x0000000080017814                worldToScreen
 .text.initSnd  0x0000000080017890       0x74 src/sound.o
                0x0000000080017890                initSnd
 .text.sendVAGtoSPU
                0x0000000080017904       0x50 src/sound.o
                0x0000000080017904                sendVAGtoSPU
 .text.setVoiceAttr
                0x0000000080017954       0x40 src/sound.o
                0x0000000080017954                setVoiceAttr
 .text.setSPUtransfer
                0x0000000080017994      0x110 src/sound.o
                0x0000000080017994                setSPUtransfer
 .text.setLvlVAG
                0x0000000080017aa4      0x10c src/sound.o
                0x0000000080017aa4                setLvlVAG
 .text.playSFX  0x0000000080017bb0       0x44 src/sound.o
                0x0000000080017bb0                playSFX
 .text.setSFXdist
                0x0000000080017bf4      0x26c src/sound.o
                0x0000000080017bf4                setSFXdist
 .text.XAsetup  0x0000000080017e60       0x3c src/sound.o
                0x0000000080017e60                XAsetup
 .text.getXAoffset
                0x0000000080017e9c       0x60 src/sound.o
                0x0000000080017e9c                getXAoffset
 .text.setXAsample
                0x0000000080017efc       0x3c src/sound.o
                0x0000000080017efc                setXAsample
 .text.setLvlXA
                0x0000000080017f38       0xd0 src/sound.o
                0x0000000080017f38                setLvlXA
 .text.XAplayback
                0x0000000080018008      0x144 src/sound.o
                0x0000000080018008                XAplayback
 *fill*         0x000000008001814c        0x4 
 .text          0x0000000080018150      0x170 /home/hyena/nolibgs_hello_worlds/3d-eng/../psyq/lib/libapi.a(counter.o)
                0x0000000080018150                SetRCnt
                0x00000000800181ec                GetRCnt
                0x0000000080018224                StartRCnt
                0x0000000080018254                StopRCnt
                0x0000000080018288                ResetRCnt
 .text          0x00000000800182c0      0x290 /home/hyena/nolibgs_hello_worlds/3d-eng/../psyq/lib/libapi.a(pad.o)
                0x00000000800182c0                SetInitPadFlag
                0x00000000800182cc                ReadInitPadFlag
                0x00000000800182dc                PAD_init
                0x000000008001836c                InitPAD
                0x00000000800183fc                StartPAD
 .text          0x0000000080018550       0xa0 /home/hyena/nolibgs_hello_worlds/3d-eng/../psyq/lib/libapi.a(patch.o)
                0x0000000080018550                EnablePAD
                0x0000000080018564                DisablePAD
                0x0000000080018578                _patch_pad
 .text          0x00000000800185f0       0x10 /home/hyena/nolibgs_hello_worlds/3d-eng/../psyq/lib/libapi.a(a18.o)
                0x00000000800185f0                InitPAD2
 .text          0x0000000080018600       0x10 /home/hyena/nolibgs_hello_worlds/3d-eng/../psyq/lib/libapi.a(a19.o)
                0x0000000080018600                StartPAD2
 .text          0x0000000080018610       0x10 /home/hyena/nolibgs_hello_worlds/3d-eng/../psyq/lib/libapi.a(a21.o)
                0x0000000080018610                PAD_init2
 .text          0x0000000080018620       0x10 /home/hyena/nolibgs_hello_worlds/3d-eng/../psyq/lib/libapi.a(a36.o)
                0x0000000080018620                EnterCriticalSection
 .text          0x0000000080018630       0x10 /home/hyena/nolibgs_hello_worlds/3d-eng/../psyq/lib/libapi.a(a37.o)
                0x0000000080018630                ExitCriticalSection
 .text          0x0000000080018640       0x10 /home/hyena/nolibgs_hello_worlds/3d-eng/../psyq/lib/libapi.a(a91.o)
                0x0000000080018640                ChangeClearPAD
 .text          0x0000000080018650       0x10 /home/hyena/nolibgs_hello_worlds/3d-eng/../psyq/lib/libapi.a(c68.o)
                0x0000000080018650                FlushCache
 .text          0x0000000080018660       0x70 /home/hyena/nolibgs_hello_worlds/3d-eng/../psyq/lib/libapi.a(chclrpad.o)
                0x0000000080018660                _remove_ChgclrPAD
 .text          0x00000000800186d0       0x10 /home/hyena/nolibgs_hello_worlds/3d-eng/../psyq/lib/libapi.a(l02.o)
                0x00000000800186d0                SysEnqIntRP
 .text          0x00000000800186e0       0x10 /home/hyena/nolibgs_hello_worlds/3d-eng/../psyq/lib/libapi.a(l03.o)
                0x00000000800186e0                SysDeqIntRP
 .text          0x00000000800186f0       0x10 /home/hyena/nolibgs_hello_worlds/3d-eng/../psyq/lib/libc.a(c42.o)
                0x00000000800186f0                memcpy
 .text          0x0000000080018700      0x6c0 /home/hyena/nolibgs_hello_worlds/3d-eng/../psyq/lib/libetc.a(intr.o)
                0x0000000080018700                ResetCallback
                0x0000000080018730                InterruptCallback
                0x0000000080018760                DMACallback
                0x0000000080018790                VSyncCallback
                0x00000000800187c4                VSyncCallbacks
                0x00000000800187f4                StopCallback
                0x0000000080018824                RestartCallback
                0x0000000080018854                CheckCallback
                0x0000000080018864                GetIntrMask
                0x000000008001887c                SetIntrMask
 .text          0x0000000080018dc0      0x2a0 /home/hyena/nolibgs_hello_worlds/3d-eng/../psyq/lib/libetc.a(intr_dma.o)
                0x0000000080018dc0                startIntrDMA
 .text          0x0000000080019060      0x120 /home/hyena/nolibgs_hello_worlds/3d-eng/../psyq/lib/libetc.a(intr_vb.o)
                0x0000000080019060                startIntrVSync
 .text          0x0000000080019180      0x210 /home/hyena/nolibgs_hello_worlds/3d-eng/../psyq/lib/libetc.a(vsync.o)
                0x0000000080019180                VSync
 .text          0x0000000080019390       0xc0 /home/hyena/nolibgs_hello_worlds/3d-eng/../psyq/lib/libgpu.a(e03.o)
                0x0000000080019390                SetDefDrawEnv
 .text          0x0000000080019450       0x40 /home/hyena/nolibgs_hello_worlds/3d-eng/../psyq/lib/libgpu.a(e04.o)
                0x0000000080019450                SetDefDispEnv
 .text          0x0000000080019490      0xa80 /home/hyena/nolibgs_hello_worlds/3d-eng/../psyq/lib/libgpu.a(font.o)
                0x0000000080019490                SetDumpFnt
                0x00000000800194d0                FntLoad
                0x0000000080019570                FntOpen
                0x000000008001982c                FntFlush
                0x0000000080019b48                FntPrint
 .text          0x0000000080019f10       0x40 /home/hyena/nolibgs_hello_worlds/3d-eng/../psyq/lib/libgpu.a(p06.o)
                0x0000000080019f10                AddPrim
 .text          0x0000000080019f50       0x40 /home/hyena/nolibgs_hello_worlds/3d-eng/../psyq/lib/libgpu.a(p07.o)
                0x0000000080019f50                AddPrims
 .text          0x0000000080019f90       0x20 /home/hyena/nolibgs_hello_worlds/3d-eng/../psyq/lib/libgpu.a(p09.o)
                0x0000000080019f90                TermPrim
 .text          0x0000000080019fb0       0x30 /home/hyena/nolibgs_hello_worlds/3d-eng/../psyq/lib/libgpu.a(p10.o)
                0x0000000080019fb0                SetSemiTrans
 .text          0x0000000080019fe0       0x30 /home/hyena/nolibgs_hello_worlds/3d-eng/../psyq/lib/libgpu.a(p11.o)
                0x0000000080019fe0                SetShadeTex
 .text          0x000000008001a010       0x20 /home/hyena/nolibgs_hello_worlds/3d-eng/../psyq/lib/libgpu.a(p15.o)
                0x000000008001a010                SetPolyGT3
 .text          0x000000008001a030       0x20 /home/hyena/nolibgs_hello_worlds/3d-eng/../psyq/lib/libgpu.a(p19.o)
                0x000000008001a030                SetPolyGT4
 .text          0x000000008001a050       0x20 /home/hyena/nolibgs_hello_worlds/3d-eng/../psyq/lib/libgpu.a(p20.o)
                0x000000008001a050                SetSprt8
 .text          0x000000008001a070       0x20 /home/hyena/nolibgs_hello_worlds/3d-eng/../psyq/lib/libgpu.a(p26.o)
                0x000000008001a070                SetTile
 .text          0x000000008001a090       0xa0 /home/hyena/nolibgs_hello_worlds/3d-eng/../psyq/lib/libgpu.a(p41.o)
                0x000000008001a090                SetDrawMode
 .text          0x000000008001a130     0x2f00 /home/hyena/nolibgs_hello_worlds/3d-eng/../psyq/lib/libgpu.a(sys.o)
                0x000000008001a130                ResetGraph
                0x000000008001a2a4                SetGraphDebug
                0x000000008001a300                SetGraphQueue
                0x000000008001a3a4                GetGraphDebug
                0x000000008001a3b4                DrawSyncCallback
                0x000000008001a414                SetDispMask
                0x000000008001a4ac                DrawSync
                0x000000008001a630                ClearImage
                0x000000008001a6c0                ClearImage2
                0x000000008001a758                LoadImage
                0x000000008001a7b8                StoreImage
                0x000000008001a818                MoveImage
                0x000000008001a8d0                ClearOTag
                0x000000008001a998                ClearOTagR
                0x000000008001aa44                DrawPrim
                0x000000008001aaa0                DrawOTag
                0x000000008001ab10                PutDrawEnv
                0x000000008001abd0                DrawOTagEnv
                0x000000008001aca8                GetDrawEnv
                0x000000008001acdc                PutDispEnv
                0x000000008001b1d4                GetDispEnv
                0x000000008001b208                GetODE
                0x000000008001b238                SetDrawArea
                0x000000008001b2b8                SetDrawOffset
                0x000000008001b2f8                SetDrawEnv
                0x000000008001cbc8                LoadImage2
                0x000000008001ccb4                StoreImage2
                0x000000008001cda0                MoveImage2
                0x000000008001cee4                DrawOTag2
                0x000000008001cfe0                _GPU_ResetCallback
 .text          0x000000008001d030      0x190 /home/hyena/nolibgs_hello_worlds/3d-eng/../psyq/lib/libgpu.a(t00.o)
                0x000000008001d030                OpenTIM
                0x000000008001d040                ReadTIM
 .text          0x000000008001d1c0       0xf0 /home/hyena/nolibgs_hello_worlds/3d-eng/../psyq/lib/libgpu.a(e00.o)
                0x000000008001d1c0                LoadTPage
 .text          0x000000008001d2b0       0x70 /home/hyena/nolibgs_hello_worlds/3d-eng/../psyq/lib/libgpu.a(e02.o)
                0x000000008001d2b0                LoadClut2
 .text          0x000000008001d320       0x40 /home/hyena/nolibgs_hello_worlds/3d-eng/../psyq/lib/libgpu.a(p00.o)
                0x000000008001d320                GetTPage
 .text          0x000000008001d360       0x20 /home/hyena/nolibgs_hello_worlds/3d-eng/../psyq/lib/libgpu.a(p01.o)
                0x000000008001d360                GetClut
 .text          0x000000008001d380       0x40 /home/hyena/nolibgs_hello_worlds/3d-eng/../psyq/lib/libgte.a(fgo_00.o)
                0x000000008001d380                TransposeMatrix
 .text          0x000000008001d3c0      0x110 /home/hyena/nolibgs_hello_worlds/3d-eng/../psyq/lib/libgte.a(fog_02.o)
                0x000000008001d3c0                SetFogNearFar
 .text          0x000000008001d4d0       0x90 /home/hyena/nolibgs_hello_worlds/3d-eng/../psyq/lib/libgte.a(msc00.o)
                0x000000008001d4d8                InitGeom
 .text          0x000000008001d560      0x2b0 /home/hyena/nolibgs_hello_worlds/3d-eng/../psyq/lib/libgte.a(msc02.o)
                0x000000008001d560                InvSquareRoot
                0x000000008001d5ec                VectorNormalS
                0x000000008001d600                VectorNormal
                0x000000008001d630                VectorNormalSS
                0x000000008001d720                MatrixNormal
 .text          0x000000008001d810      0x160 /home/hyena/nolibgs_hello_worlds/3d-eng/../psyq/lib/libgte.a(mtx_004.o)
                0x000000008001d810                ApplyMatrixLV
 .text          0x000000008001d970       0x50 /home/hyena/nolibgs_hello_worlds/3d-eng/../psyq/lib/libgte.a(mtx_009.o)
                0x000000008001d970                ReadRotMatrix
 .text          0x000000008001d9c0       0x30 /home/hyena/nolibgs_hello_worlds/3d-eng/../psyq/lib/libgte.a(mtx_07.o)
                0x000000008001d9c0                TransMatrix
 .text          0x000000008001d9f0       0x30 /home/hyena/nolibgs_hello_worlds/3d-eng/../psyq/lib/libgte.a(mtx_11.o)
                0x000000008001d9f0                SetColorMatrix
 .text          0x000000008001da20       0xe0 /home/hyena/nolibgs_hello_worlds/3d-eng/../psyq/lib/libgte.a(patchgte.o)
                0x000000008001da20                _patch_gte
 .text          0x000000008001db00       0x10 /home/hyena/nolibgs_hello_worlds/3d-eng/../psyq/lib/libgte.a(reg03_14.o)
                0x000000008001db00                SetDQA
 .text          0x000000008001db10       0x10 /home/hyena/nolibgs_hello_worlds/3d-eng/../psyq/lib/libgte.a(reg03_15.o)
                0x000000008001db10                SetDQB
 .text          0x000000008001db20       0x10 /home/hyena/nolibgs_hello_worlds/3d-eng/../psyq/lib/libgte.a(reg09.o)
                0x000000008001db20                ReadGeomScreen
 .text          0x000000008001db30       0x20 /home/hyena/nolibgs_hello_worlds/3d-eng/../psyq/lib/libgte.a(reg10.o)
                0x000000008001db30                SetBackColor
 .text          0x000000008001db50       0x20 /home/hyena/nolibgs_hello_worlds/3d-eng/../psyq/lib/libgte.a(reg11.o)
                0x000000008001db50                SetFarColor
 .text          0x000000008001db70       0x20 /home/hyena/nolibgs_hello_worlds/3d-eng/../psyq/lib/libgte.a(reg12.o)
                0x000000008001db70                SetGeomOffset
 .text          0x000000008001db90       0x10 /home/hyena/nolibgs_hello_worlds/3d-eng/../psyq/lib/libgte.a(reg13.o)
                0x000000008001db90                SetGeomScreen
 .text          0x000000008001dba0      0x210 /home/hyena/nolibgs_hello_worlds/3d-eng/../psyq/lib/libgte.a(rmat_01.o)
                0x000000008001dba0                RotMatrix_gte
 .text          0x000000008001ddb0       0x20 /home/hyena/nolibgs_hello_worlds/3d-eng/../psyq/lib/libspu.a(s_i.o)
                0x000000008001ddb0                SpuInit
 .text          0x000000008001ddd0      0x160 /home/hyena/nolibgs_hello_worlds/3d-eng/../psyq/lib/libspu.a(s_ini.o)
                0x000000008001ddd0                _SpuInit
                0x000000008001deb8                SpuStart
 .text          0x000000008001df30       0xb0 /home/hyena/nolibgs_hello_worlds/3d-eng/../psyq/lib/libspu.a(s_itc.o)
                0x000000008001df30                SpuIsTransferCompleted
 .text          0x000000008001dfe0       0x80 /home/hyena/nolibgs_hello_worlds/3d-eng/../psyq/lib/libspu.a(s_m_f.o)
                0x000000008001dfe0                SpuFree
 .text          0x000000008001e060       0x60 /home/hyena/nolibgs_hello_worlds/3d-eng/../psyq/lib/libspu.a(s_m_init.o)
                0x000000008001e060                SpuInitMalloc
 .text          0x000000008001e0c0      0x300 /home/hyena/nolibgs_hello_worlds/3d-eng/../psyq/lib/libspu.a(s_m_int.o)
                0x000000008001e0c0                _spu_gcSPU
 .text          0x000000008001e3c0      0x2d0 /home/hyena/nolibgs_hello_worlds/3d-eng/../psyq/lib/libspu.a(s_m_m.o)
                0x000000008001e3c0                SpuMalloc
 .text          0x000000008001e690      0x380 /home/hyena/nolibgs_hello_worlds/3d-eng/../psyq/lib/libspu.a(s_sca.o)
                0x000000008001e690                SpuSetCommonAttr
 .text          0x000000008001ea10      0x140 /home/hyena/nolibgs_hello_worlds/3d-eng/../psyq/lib/libspu.a(s_si.o)
                0x000000008001ea10                SpuSetIRQ
 .text          0x000000008001eb50      0x1c0 /home/hyena/nolibgs_hello_worlds/3d-eng/../psyq/lib/libspu.a(s_sk.o)
                0x000000008001eb50                SpuSetKey
 .text          0x000000008001ed10       0x30 /home/hyena/nolibgs_hello_worlds/3d-eng/../psyq/lib/libspu.a(s_stm.o)
                0x000000008001ed10                SpuSetTransferMode
 .text          0x000000008001ed40       0x60 /home/hyena/nolibgs_hello_worlds/3d-eng/../psyq/lib/libspu.a(s_stsa.o)
                0x000000008001ed40                SpuSetTransferStartAddr
 .text          0x000000008001eda0      0x600 /home/hyena/nolibgs_hello_worlds/3d-eng/../psyq/lib/libspu.a(s_sva.o)
                0x000000008001eda0                SpuSetVoiceAttr
 .text          0x000000008001f3a0       0x60 /home/hyena/nolibgs_hello_worlds/3d-eng/../psyq/lib/libspu.a(s_w.o)
                0x000000008001f3a0                SpuWrite
 .text          0x000000008001f400      0xb40 /home/hyena/nolibgs_hello_worlds/3d-eng/../psyq/lib/libspu.a(spu.o)
                0x000000008001f400                _spu_init
                0x000000008001f840                _spu_FiDMA
                0x000000008001f8fc                _spu_Fr_
                0x000000008001f9a4                _spu_t
                0x000000008001fc24                _spu_Fw
                0x000000008001fca8                _spu_Fr
                0x000000008001fd0c                _spu_FsetRXX
                0x000000008001fd50                _spu_FsetRXXa
                0x000000008001fdf4                _spu_FgetRXXa
                0x000000008001fe30                _spu_FsetPCR
                0x000000008001fed8                _spu_Fw1ts
 .text          0x000000008001ff40       0x30 /home/hyena/nolibgs_hello_worlds/3d-eng/../psyq/lib/libspu.a(s_dcb.o)
                0x000000008001ff40                _SpuDataCallback
 .text          0x000000008001ff70      0x200 /home/hyena/nolibgs_hello_worlds/3d-eng/../psyq/lib/libspu.a(s_n2p.o)
                0x000000008001ff70                _spu_note2pitch
                0x0000000080020040                _spu_pitch2note
 .text          0x0000000080020170      0x9a0 /home/hyena/nolibgs_hello_worlds/3d-eng/../psyq/lib/libcd.a(cdr_1.o)
                0x00000000800206d0                CdReadBreak
                0x0000000080020870                CdRead
                0x0000000080020a0c                CdReadSync
 .text          0x0000000080020b10      0x180 /home/hyena/nolibgs_hello_worlds/3d-eng/../psyq/lib/libcd.a(cre_1.o)
                0x0000000080020b10                CdReadFile
 .text          0x0000000080020c90      0x150 /home/hyena/nolibgs_hello_worlds/3d-eng/../psyq/lib/libcd.a(event.o)
                0x0000000080020c90                CdInit
 .text          0x0000000080020de0      0x970 /home/hyena/nolibgs_hello_worlds/3d-eng/../psyq/lib/libcd.a(iso9660.o)
                0x0000000080020de0                CdSearchFile
 .text          0x0000000080021750      0x110 /home/hyena/nolibgs_hello_worlds/3d-eng/../psyq/lib/libcd.a(s_002.o)
                0x0000000080021750                CdIntToPos
 .text          0x0000000080021860       0x10 /home/hyena/nolibgs_hello_worlds/3d-eng/../psyq/lib/libcd.a(s_003.o)
                0x0000000080021860                CdStatus
 .text          0x0000000080021870       0x10 /home/hyena/nolibgs_hello_worlds/3d-eng/../psyq/lib/libcd.a(s_004.o)
                0x0000000080021870                CdMode
 .text          0x0000000080021880       0x10 /home/hyena/nolibgs_hello_worlds/3d-eng/../psyq/lib/libcd.a(s_006.o)
                0x0000000080021880                CdLastPos
 .text          0x0000000080021890       0x20 /home/hyena/nolibgs_hello_worlds/3d-eng/../psyq/lib/libcd.a(s_008.o)
                0x0000000080021890                CdFlush
 .text          0x00000000800218b0       0x20 /home/hyena/nolibgs_hello_worlds/3d-eng/../psyq/lib/libcd.a(s_013.o)
                0x00000000800218b0                CdReady
 .text          0x00000000800218d0       0x20 /home/hyena/nolibgs_hello_worlds/3d-eng/../psyq/lib/libcd.a(s_014.o)
                0x00000000800218d0                CdSyncCallback
 .text          0x00000000800218f0       0x20 /home/hyena/nolibgs_hello_worlds/3d-eng/../psyq/lib/libcd.a(s_015.o)
                0x00000000800218f0                CdReadyCallback
 .text          0x0000000080021910      0x3c0 /home/hyena/nolibgs_hello_worlds/3d-eng/../psyq/lib/libcd.a(s_016.o)
                0x0000000080021910                CdControl
                0x0000000080021a4c                CdControlF
                0x0000000080021b80                CdControlB
 .text          0x0000000080021cd0       0x20 /home/hyena/nolibgs_hello_worlds/3d-eng/../psyq/lib/libcd.a(s_021.o)
                0x0000000080021cd0                CdGetSector
 .text          0x0000000080021cf0       0x20 /home/hyena/nolibgs_hello_worlds/3d-eng/../psyq/lib/libcd.a(s_022.o)
                0x0000000080021cf0                CdGetSector2
 .text          0x0000000080021d10       0x30 /home/hyena/nolibgs_hello_worlds/3d-eng/../psyq/lib/libcd.a(s_023.o)
                0x0000000080021d10                CdDataCallback
 .text          0x0000000080021d40       0x20 /home/hyena/nolibgs_hello_worlds/3d-eng/../psyq/lib/libcd.a(s_024.o)
                0x0000000080021d40                CdDataSync
 .text          0x0000000080021d60       0x80 /home/hyena/nolibgs_hello_worlds/3d-eng/../psyq/lib/libcd.a(sys.o)
                0x0000000080021d60                CdPosToInt
 .text          0x0000000080021de0     0x1580 /home/hyena/nolibgs_hello_worlds/3d-eng/../psyq/lib/libcd.a(bios_1.o)
                0x0000000080022344                CD_sync
                0x00000000800225c4                CD_ready
                0x000000008002288c                CD_cw
                0x0000000080022c98                CD_vol
                0x0000000080022d20                CD_flush
                0x0000000080022df4                CD_initvol
                0x0000000080022ee4                CD_initintr
                0x0000000080022f30                CD_init
                0x0000000080023110                CD_datasync
                0x0000000080023278                CD_set_test_parmnum
 .text          0x0000000080023360      0x100 /home/hyena/nolibgs_hello_worlds/3d-eng/../psyq/lib/libcd.a(bios_2.o)
                0x0000000080023360                CD_getsector
 .text          0x0000000080023460       0xf0 /home/hyena/nolibgs_hello_worlds/3d-eng/../psyq/lib/libcd.a(bios_3.o)
                0x0000000080023460                CD_getsector2
 .text          0x0000000080023550       0x10 /home/hyena/nolibgs_hello_worlds/3d-eng/../psyq/lib/libapi.a(a07.o)
                0x0000000080023550                DeliverEvent
 .text          0x0000000080023560       0x10 /home/hyena/nolibgs_hello_worlds/3d-eng/../psyq/lib/libapi.a(a08.o)
                0x0000000080023560                OpenEvent
 .text          0x0000000080023570       0x10 /home/hyena/nolibgs_hello_worlds/3d-eng/../psyq/lib/libapi.a(a11.o)
                0x0000000080023570                TestEvent
 .text          0x0000000080023580       0x10 /home/hyena/nolibgs_hello_worlds/3d-eng/../psyq/lib/libapi.a(a12.o)
                0x0000000080023580                EnableEvent
 .text          0x0000000080023590       0x10 /home/hyena/nolibgs_hello_worlds/3d-eng/../psyq/lib/libapi.a(a23.o)
                0x0000000080023590                ReturnFromException
 .text          0x00000000800235a0       0x10 /home/hyena/nolibgs_hello_worlds/3d-eng/../psyq/lib/libapi.a(a24.o)
                0x00000000800235a0                ResetEntryInt
 .text          0x00000000800235b0       0x10 /home/hyena/nolibgs_hello_worlds/3d-eng/../psyq/lib/libapi.a(a25.o)
                0x00000000800235b0                HookEntryInt
 .text          0x00000000800235c0       0x20 /home/hyena/nolibgs_hello_worlds/3d-eng/../psyq/lib/libapi.a(c114.o)
                0x00000000800235c8                _96_remove
 .text          0x00000000800235e0       0x10 /home/hyena/nolibgs_hello_worlds/3d-eng/../psyq/lib/libapi.a(c73.o)
                0x00000000800235e0                GPU_cw
 .text          0x00000000800235f0       0x10 /home/hyena/nolibgs_hello_worlds/3d-eng/../psyq/lib/libapi.a(l10.o)
                0x00000000800235f0                ChangeClearRCnt
 .text          0x0000000080023600       0x20 /home/hyena/nolibgs_hello_worlds/3d-eng/../psyq/lib/libc.a(a63.o)
                0x0000000080023608                puts
 .text          0x0000000080023620       0x10 /home/hyena/nolibgs_hello_worlds/3d-eng/../psyq/lib/libc.a(c19.o)
                0x0000000080023620                setjmp
 .text          0x0000000080023630       0x10 /home/hyena/nolibgs_hello_worlds/3d-eng/../psyq/lib/libc.a(c21.o)
                0x0000000080023630                strcat
 .text          0x0000000080023640       0x10 /home/hyena/nolibgs_hello_worlds/3d-eng/../psyq/lib/libc.a(c23.o)
                0x0000000080023640                strcmp
 .text          0x0000000080023650       0x10 /home/hyena/nolibgs_hello_worlds/3d-eng/../psyq/lib/libc.a(c24.o)
                0x0000000080023650                strncmp
 .text          0x0000000080023660       0x10 /home/hyena/nolibgs_hello_worlds/3d-eng/../psyq/lib/libc.a(c25.o)
                0x0000000080023660                strcpy
 .text          0x0000000080023670       0x10 /home/hyena/nolibgs_hello_worlds/3d-eng/../psyq/lib/libc.a(c27.o)
                0x0000000080023670                strlen
 .text          0x0000000080023680       0x10 /home/hyena/nolibgs_hello_worlds/3d-eng/../psyq/lib/libc.a(c43.o)
                0x0000000080023680                memset
 .text          0x0000000080023690       0x10 /home/hyena/nolibgs_hello_worlds/3d-eng/../psyq/lib/libc.a(c63.o)
                0x0000000080023690                printf
 .text          0x00000000800236a0       0x30 /home/hyena/nolibgs_hello_worlds/3d-eng/../psyq/lib/libetc.a(vmode.o)
                0x00000000800236a0                SetVideoMode
                0x00000000800236b4                GetVideoMode
                0x00000000800236d0                . = ALIGN (0x10)
 *(.init)
                0x00000000800236d0                . = ALIGN (0x10)
 *(.fini)

.ramtext        0x00000000800236d0        0xc
 .ramtext       0x00000000800236d0        0xc /home/hyena/nolibgs_hello_worlds/3d-eng/thirdparty/nugget/common/syscalls/printf.o
                0x00000000800236d0                ramsyscall_printf
                0x00000000800236e0                . = ALIGN (0x10)
                0x00000000800236e0                __text_end = .
                0x00000000800236e0                __ftext_end = ABSOLUTE (.)
                0x00000000800236e0                __fdata_start = ABSOLUTE (.)

.rodata         0x00000000800236e0    0x3c684
 *(.rodata .rodata.* .rdata .rdata.* .gnu.linkonce.r.*)
 .rodata.str1.4
                0x00000000800236e0       0xb8 src/main.o
 *fill*         0x0000000080023798        0x8 
 .rodata        0x00000000800237a0     0x1030 src/math.o
 .rodata        0x00000000800247d0       0x20 src/camera.o
 .rodata        0x00000000800247f0       0x10 src/graphics.o
 .rodata        0x0000000080024800    0x10220 TIM/home.o
                0x0000000080024800                _binary_TIM_home_tim_start
                0x0000000080034a20                _binary_TIM_home_tim_end
 .rodata        0x0000000080034a20     0x2220 TIM/cat.o
                0x0000000080034a20                _binary_TIM_cat_tim_start
                0x0000000080036c40                _binary_TIM_cat_tim_end
 .rodata        0x0000000080036c40     0xc220 TIM/lara.o
                0x0000000080036c40                _binary_TIM_lara_tim_start
                0x0000000080042e60                _binary_TIM_lara_tim_end
 .rodata        0x0000000080042e60    0x10220 TIM/woods.o
                0x0000000080042e60                _binary_TIM_woods_tim_start
                0x0000000080053080                _binary_TIM_woods_tim_end
 .rodata        0x0000000080053080     0x45c0 VAG/1_cuek.o
                0x0000000080053080                _binary_VAG_1_cuek_vag_start
                0x0000000080057640                _binary_VAG_1_cuek_vag_end
 .rodata        0x0000000080057640     0x7d80 VAG/3_hehe.o
                0x0000000080057640                _binary_VAG_3_hehe_vag_start
                0x000000008005f3c0                _binary_VAG_3_hehe_vag_end
 .rodata        0x000000008005f3c0       0x10 /home/hyena/nolibgs_hello_worlds/3d-eng/thirdparty/nugget/common/crt0/crt0.o
 .rdata         0x000000008005f3d0       0x70 /home/hyena/nolibgs_hello_worlds/3d-eng/../psyq/lib/libetc.a(intr.o)
 .rdata         0x000000008005f440       0x30 /home/hyena/nolibgs_hello_worlds/3d-eng/../psyq/lib/libetc.a(intr_dma.o)
 .rdata         0x000000008005f470       0x10 /home/hyena/nolibgs_hello_worlds/3d-eng/../psyq/lib/libetc.a(vsync.o)
 .rdata         0x000000008005f480       0xa0 /home/hyena/nolibgs_hello_worlds/3d-eng/../psyq/lib/libgpu.a(font.o)
 .rdata         0x000000008005f520      0x220 /home/hyena/nolibgs_hello_worlds/3d-eng/../psyq/lib/libgpu.a(sys.o)
 .rdata         0x000000008005f740       0x30 /home/hyena/nolibgs_hello_worlds/3d-eng/../psyq/lib/libgpu.a(t00.o)
 .rdata         0x000000008005f770       0x40 /home/hyena/nolibgs_hello_worlds/3d-eng/../psyq/lib/libspu.a(s_sca.o)
 .rdata         0x000000008005f7b0       0x30 /home/hyena/nolibgs_hello_worlds/3d-eng/../psyq/lib/libspu.a(s_si.o)
 .rdata         0x000000008005f7e0       0x40 /home/hyena/nolibgs_hello_worlds/3d-eng/../psyq/lib/libspu.a(s_sva.o)
 .rdata         0x000000008005f820       0x50 /home/hyena/nolibgs_hello_worlds/3d-eng/../psyq/lib/libspu.a(spu.o)
 .rdata         0x000000008005f870       0x50 /home/hyena/nolibgs_hello_worlds/3d-eng/../psyq/lib/libcd.a(cdr_1.o)
 .rdata         0x000000008005f8c0       0x10 /home/hyena/nolibgs_hello_worlds/3d-eng/../psyq/lib/libcd.a(cre_1.o)
 .rdata         0x000000008005f8d0       0x20 /home/hyena/nolibgs_hello_worlds/3d-eng/../psyq/lib/libcd.a(event.o)
 .rdata         0x000000008005f8f0      0x1f0 /home/hyena/nolibgs_hello_worlds/3d-eng/../psyq/lib/libcd.a(iso9660.o)
 .rdata         0x000000008005fae0      0x260 /home/hyena/nolibgs_hello_worlds/3d-eng/../psyq/lib/libcd.a(bios_1.o)
                0x000000008005fd40                . = ALIGN (0x10)
                0x000000008005fd40                __preinit_array_start = .
 *(.preinit_array)
                0x000000008005fd40                __preinit_array_end = .
                0x000000008005fd40                . = ALIGN (0x10)
                0x000000008005fd40                __init_array_start = .
 *(SORT_BY_NAME(.init_array.*))
 *(.init_array)
                0x000000008005fd40                . = ALIGN (0x10)
 *crtbegin.o(.ctors)
 *(EXCLUDE_FILE(*crtend.o) .ctors)
 *(SORT_BY_NAME(.ctors.*))
 *crtend.o(.ctors)
                0x000000008005fd40                __init_array_end = .
                0x000000008005fd40                . = ALIGN (0x10)
                0x000000008005fd40                __fini_array_start = .
 *(.fini_array)
 *(SORT_BY_NAME(.fini_array.*))
 *crtbegin.o(.dtors)
 *(EXCLUDE_FILE(*crtend.o) .dtors)
 *(SORT_BY_NAME(.dtors.*))
 *crtend.o(.dtors)
                0x000000008005fd40                __fini_array_end = .
                0x000000008005fd40                __build_id = .
 *(.note.gnu.build-id)
 .note.gnu.build-id
                0x000000008005fd40       0x24 src/main.o
                0x000000008005fd64                __build_id_end = .

.rel.dyn        0x000000008005fd64        0x0
 .rel.dyn       0x000000008005fd64        0x0 src/main.o

.rodata1
 *(.rodata1)
                0x000000008005fd64                __data_start = .

.data           0x000000008005fd70     0x6a90
 *(.a0table)
 *(.data .data.* .gnu.linkonce.d.*)
 .data          0x000000008005fd70       0x50 src/main.o
                0x000000008005fd70                sample
                0x000000008005fd74                timediv
                0x000000008005fd76                physics
                0x000000008005fd78                dist
                0x000000008005fd7c                angle
                0x000000008005fd8c                FC
                0x000000008005fd9c                BKc
                0x000000008005fdac                BGc
                0x000000008005fdb0                nextpri
 .data          0x000000008005fdc0       0x20 /home/hyena/nolibgs_hello_worlds/3d-eng/../psyq/lib/libapi.a(counter.o)
 .data          0x000000008005fde0       0x10 /home/hyena/nolibgs_hello_worlds/3d-eng/../psyq/lib/libapi.a(pad.o)
 .data          0x000000008005fdf0     0x1100 /home/hyena/nolibgs_hello_worlds/3d-eng/../psyq/lib/libetc.a(intr.o)
 .data          0x0000000080060ef0       0x30 /home/hyena/nolibgs_hello_worlds/3d-eng/../psyq/lib/libetc.a(intr_dma.o)
 .data          0x0000000080060f20       0x30 /home/hyena/nolibgs_hello_worlds/3d-eng/../psyq/lib/libetc.a(intr_vb.o)
                0x0000000080060f40                Vcount
 .data          0x0000000080060f50       0x20 /home/hyena/nolibgs_hello_worlds/3d-eng/../psyq/lib/libetc.a(vsync.o)
                0x0000000080060f60                Hcount
 .data          0x0000000080060f70      0xb90 /home/hyena/nolibgs_hello_worlds/3d-eng/../psyq/lib/libgpu.a(font.o)
                0x0000000080060f70                Font
 .data          0x0000000080061b00      0x1a0 /home/hyena/nolibgs_hello_worlds/3d-eng/../psyq/lib/libgpu.a(sys.o)
                0x0000000080061b4c                GPU_printf
                0x0000000080061b50                GEnv
                0x0000000080061c78                _qin
                0x0000000080061c7c                _qout
 .data          0x0000000080061ca0       0x10 /home/hyena/nolibgs_hello_worlds/3d-eng/../psyq/lib/libgte.a(msc00.o)
 .data          0x0000000080061cb0      0x1a0 /home/hyena/nolibgs_hello_worlds/3d-eng/../psyq/lib/libgte.a(msc02.o)
 .data          0x0000000080061e50     0x4000 /home/hyena/nolibgs_hello_worlds/3d-eng/../psyq/lib/libgte.a(cstbl.o)
                0x0000000080061e50                rcossin_tbl
 .data          0x0000000080065e50       0x80 /home/hyena/nolibgs_hello_worlds/3d-eng/../psyq/lib/libspu.a(s_ini.o)
                0x0000000080065e58                _spu_EVdma
                0x0000000080065e5c                _spu_keystat
                0x0000000080065e60                _spu_trans_mode
                0x0000000080065e64                _spu_rev_flag
                0x0000000080065e68                _spu_rev_reserve_wa
                0x0000000080065e6c                _spu_rev_offsetaddr
                0x0000000080065e70                _spu_rev_attr
                0x0000000080065e84                _spu_RQvoice
                0x0000000080065e88                _spu_RQmask
                0x0000000080065e8c                _spu_voice_centerNote
                0x0000000080065ebc                _spu_env
                0x0000000080065ec0                _spu_isCalled
 .data          0x0000000080065ed0       0x10 /home/hyena/nolibgs_hello_worlds/3d-eng/../psyq/lib/libspu.a(s_m.o)
                0x0000000080065ed0                _spu_AllocBlockNum
                0x0000000080065ed4                _spu_AllocLastNum
                0x0000000080065ed8                _spu_memList
 .data          0x0000000080065ee0       0x30 /home/hyena/nolibgs_hello_worlds/3d-eng/../psyq/lib/libspu.a(s_rmp0.o)
                0x0000000080065ee0                _spu_rev_startaddr
 .data          0x0000000080065f10       0x60 /home/hyena/nolibgs_hello_worlds/3d-eng/../psyq/lib/libspu.a(spu.o)
                0x0000000080065f10                _spu_RXX
                0x0000000080065f28                _spu_tsa
                0x0000000080065f2c                _spu_transMode
                0x0000000080065f30                _spu_addrMode
                0x0000000080065f34                _spu_mem_mode
                0x0000000080065f38                _spu_mem_mode_plus
                0x0000000080065f3c                _spu_mem_mode_unit
                0x0000000080065f40                _spu_mem_mode_unitM
                0x0000000080065f44                _spu_inTransfer
                0x0000000080065f48                _spu_transferCallback
                0x0000000080065f4c                _spu_IRQCallback
 .data          0x0000000080065f70      0x120 /home/hyena/nolibgs_hello_worlds/3d-eng/../psyq/lib/libspu.a(s_n2p.o)
 .data          0x0000000080066090       0x40 /home/hyena/nolibgs_hello_worlds/3d-eng/../psyq/lib/libcd.a(cdr_1.o)
 .data          0x00000000800660d0       0x10 /home/hyena/nolibgs_hello_worlds/3d-eng/../psyq/lib/libcd.a(event.o)
                0x00000000800660d0                CD_cbread
                0x00000000800660d4                CD_read_dma_mode
 .data          0x00000000800660e0       0x10 /home/hyena/nolibgs_hello_worlds/3d-eng/../psyq/lib/libcd.a(iso9660.o)
 .data          0x00000000800660f0       0x80 /home/hyena/nolibgs_hello_worlds/3d-eng/../psyq/lib/libcd.a(s_016.o)
 .data          0x0000000080066170      0x310 /home/hyena/nolibgs_hello_worlds/3d-eng/../psyq/lib/libcd.a(bios_1.o)
                0x0000000080066178                CD_cbsync
                0x000000008006617c                CD_cbready
                0x0000000080066180                CD_debug
                0x0000000080066184                CD_status
                0x0000000080066188                CD_status1
                0x000000008006618c                CD_nopen
                0x0000000080066190                CD_pos
                0x0000000080066194                CD_mode
                0x0000000080066195                CD_com
                0x0000000080066198                DS_active
                0x000000008006619c                CD_comstr
                0x000000008006621c                CD_intstr
 .data          0x0000000080066480       0x20 /home/hyena/nolibgs_hello_worlds/3d-eng/../psyq/lib/libcd.a(bios_2.o)
 .data          0x00000000800664a0       0x20 /home/hyena/nolibgs_hello_worlds/3d-eng/../psyq/lib/libcd.a(bios_3.o)
 .data          0x00000000800664c0       0x10 /home/hyena/nolibgs_hello_worlds/3d-eng/../psyq/lib/libetc.a(vmode.o)
 *(.data1)
 *(.sdata .sdata.* .gnu.linkonce.s.*)
 *(.sdata2 .sdata2.* .gnu.linkonce.s2.*)
 *(.got.plt)
 *(.got)
                0x0000000080066800                . = ALIGN (0x800)
 *fill*         0x00000000800664d0      0x330 
                0x0000000080066800                __data_end = .
                0x0000000080066800                __fdata_end = .
                0x0000000080066800                __bss_start = .

.sbss           0x0000000080066800    0x78f6c
 *(.dynsbss)
 *(.sbss .sbss.* .gnu.linkonce.sb.*)
 .sbss          0x0000000080066800        0xc src/main.o
 *(.scommon)
 *(.dynbss)
 *(.bss .bss.* .gnu.linkonce.b.*)
 *fill*         0x000000008006680c        0x4 
 .bss           0x0000000080066810    0x70640 src/main.o
                0x0000000080066810                voiceAttributes
                0x0000000080066850                spuSettings
                0x0000000080066878                spu_malloc_rec
                0x0000000080066a10                atime
                0x0000000080066a14                col
                0x0000000080066a24                dt
                0x0000000080066a28                oldTime
                0x0000000080066a2c                propStartNode
                0x0000000080066a30                propStartRot
                0x0000000080066a40                propStartPos
                0x0000000080066a50                actorStartNode
                0x0000000080066a54                actorStartRot
                0x0000000080066a64                actorStartPos
                0x0000000080066a74                loadLvl
                0x0000000080066a78                curLvl
                0x0000000080066ab8                triCount
                0x0000000080066abc                fVecActor
                0x0000000080066acc                curCamAngle
                0x0000000080066ad0                lerping
                0x0000000080066ad4                camAngleToAct
                0x0000000080066ad8                posToActor
                0x0000000080066ae8                angleCam
                0x0000000080066af8                camMode
                0x0000000080066afc                timer
                0x0000000080066b00                pressed
                0x0000000080066b04                theControllers
                0x0000000080066bc4                controllers
                0x0000000080066c08                timeS
                0x0000000080066c0c                time
                0x0000000080066c10                camera
                0x0000000080066c50                vs
                0x0000000080066c54                light
                0x0000000080066c74                rotlgt
                0x0000000080066c94                lgtang
                0x0000000080066c9c                db
                0x0000000080066ca0                primcnt
                0x0000000080066ca4                primbuff
                0x00000000800ceca4                ot
                0x00000000800d6ca4                otdisc
                0x00000000800d6ce4                draw
                0x00000000800d6d9c                disp
                0x00000000800d6dc4                levelHasChanged
                0x00000000800d6dc6                levelWas
                0x00000000800d6dc8                level
                0x00000000800d6dcc                overlaySize
 .bss           0x00000000800d6e50      0x800 src/math.o
 .bss           0x00000000800d7650       0x10 /home/hyena/nolibgs_hello_worlds/3d-eng/../psyq/lib/libapi.a(pad.o)
                0x00000000800d7650                _apiPadPatch
 .bss           0x00000000800d7660       0x10 /home/hyena/nolibgs_hello_worlds/3d-eng/../psyq/lib/libapi.a(patch.o)
 .bss           0x00000000800d7670       0x10 /home/hyena/nolibgs_hello_worlds/3d-eng/../psyq/lib/libapi.a(chclrpad.o)
 .bss           0x00000000800d7680     0x4410 /home/hyena/nolibgs_hello_worlds/3d-eng/../psyq/lib/libgpu.a(font.o)
 .bss           0x00000000800dba90     0x1850 /home/hyena/nolibgs_hello_worlds/3d-eng/../psyq/lib/libgpu.a(sys.o)
                0x00000000800dbae0                _que
 .bss           0x00000000800dd2e0       0x10 /home/hyena/nolibgs_hello_worlds/3d-eng/../psyq/lib/libgpu.a(t00.o)
 .bss           0x00000000800dd2f0       0x10 /home/hyena/nolibgs_hello_worlds/3d-eng/../psyq/lib/libgte.a(patchgte.o)
 .bss           0x00000000800dd300       0x14 /home/hyena/nolibgs_hello_worlds/3d-eng/../psyq/lib/libspu.a(spu.o)
                0x00000000800dd300                _spu_RQ
 *fill*         0x00000000800dd314        0x4 
 .bss           0x00000000800dd318       0x20 /home/hyena/nolibgs_hello_worlds/3d-eng/../psyq/lib/libcd.a(cre_1.o)
 .bss           0x00000000800dd338     0x2400 /home/hyena/nolibgs_hello_worlds/3d-eng/../psyq/lib/libcd.a(iso9660.o)
 .bss           0x00000000800df738       0x34 /home/hyena/nolibgs_hello_worlds/3d-eng/../psyq/lib/libcd.a(bios_1.o)
                0x00000000800df768                StMode
 *(COMMON)
                0x00000000800df76c                . = ALIGN (0x4)
                0x00000000800df76c                __bss_end = .
                0x00000000800f417c                __heap_start = __heap_base
                0x000000008000f800                . = (ADDR (.text) - 0x800)
                0x000000008000f800                __end = .

/DISCARD/
 *(.MIPS.abiflags)

/DISCARD/
 *(.rel.iplt)
 *(.rela.iplt)
 *(.rel.plt)
 *(.rela.plt)
 *(.plt)
 *(.iplt)

/DISCARD/
 *(.note.GNU-stack)
 *(.gnu_debuglink)
 *(.gnu.lto_*)
OUTPUT(3dcam.elf elf32-tradlittlemips)

.mdebug.abi32   0x0000000000000000        0x0
 .mdebug.abi32  0x0000000000000000        0x0 src/main.o
 .mdebug.abi32  0x0000000000000000        0x0 src/pad.o
 .mdebug.abi32  0x0000000000000000        0x0 src/math.o
 .mdebug.abi32  0x0000000000000000        0x0 src/camera.o
 .mdebug.abi32  0x0000000000000000        0x0 src/physics.o
 .mdebug.abi32  0x0000000000000000        0x0 src/graphics.o
 .mdebug.abi32  0x0000000000000000        0x0 src/psx.o
 .mdebug.abi32  0x0000000000000000        0x0 src/space.o
 .mdebug.abi32  0x0000000000000000        0x0 src/sound.o
 .mdebug.abi32  0x0000000000000000        0x0 levels/level0.o
 .mdebug.abi32  0x0000000000000000        0x0 levels/level1.o

.comment        0x0000000000000000       0x25
 .comment       0x0000000000000000       0x25 src/main.o
                                         0x26 (size before relaxing)
 .comment       0x0000000000000025       0x26 src/pad.o
 .comment       0x0000000000000025       0x26 src/math.o
 .comment       0x0000000000000025       0x26 src/camera.o
 .comment       0x0000000000000025       0x26 src/physics.o
 .comment       0x0000000000000025       0x26 src/graphics.o
 .comment       0x0000000000000025       0x26 src/psx.o
 .comment       0x0000000000000025       0x26 src/space.o
 .comment       0x0000000000000025       0x26 src/sound.o
 .comment       0x0000000000000025       0x26 levels/level0.o
 .comment       0x0000000000000025       0x26 levels/level1.o

.gnu.attributes
                0x0000000000000000       0x10
 .gnu.attributes
                0x0000000000000000       0x10 src/main.o
 .gnu.attributes
                0x0000000000000010       0x10 src/pad.o
 .gnu.attributes
                0x0000000000000020       0x10 src/math.o
 .gnu.attributes
                0x0000000000000030       0x10 src/camera.o
 .gnu.attributes
                0x0000000000000040       0x10 src/physics.o
 .gnu.attributes
                0x0000000000000050       0x10 src/graphics.o
 .gnu.attributes
                0x0000000000000060       0x10 src/psx.o
 .gnu.attributes
                0x0000000000000070       0x10 src/space.o
 .gnu.attributes
                0x0000000000000080       0x10 src/sound.o
 .gnu.attributes
                0x0000000000000090       0x10 levels/level0.o
 .gnu.attributes
                0x00000000000000a0       0x10 levels/level1.o
 .gnu.attributes
                0x00000000000000b0       0x10 /home/hyena/nolibgs_hello_worlds/3d-eng/thirdparty/nugget/common/crt0/crt0.o
 .gnu.attributes
                0x00000000000000c0       0x10 /home/hyena/nolibgs_hello_worlds/3d-eng/thirdparty/nugget/common/syscalls/printf.o

.pdr            0x0000000000000000        0x0
 .pdr           0x0000000000000000        0x0 levels/level0.o
 .pdr           0x0000000000000000        0x0 levels/level1.o
 .pdr           0x0000000000000000        0x0 /home/hyena/nolibgs_hello_worlds/3d-eng/thirdparty/nugget/common/crt0/crt0.o
 .pdr           0x0000000000000000        0x0 /home/hyena/nolibgs_hello_worlds/3d-eng/thirdparty/nugget/common/syscalls/printf.o

.note           0x0000000000000000     0x3490
 .note          0x0000000000000000       0x74 /home/hyena/nolibgs_hello_worlds/3d-eng/../psyq/lib/libapi.a(counter.o)
 .note          0x0000000000000074       0x74 /home/hyena/nolibgs_hello_worlds/3d-eng/../psyq/lib/libapi.a(pad.o)
 .note          0x00000000000000e8       0x74 /home/hyena/nolibgs_hello_worlds/3d-eng/../psyq/lib/libapi.a(patch.o)
 .note          0x000000000000015c       0x74 /home/hyena/nolibgs_hello_worlds/3d-eng/../psyq/lib/libapi.a(a18.o)
 .note          0x00000000000001d0       0x74 /home/hyena/nolibgs_hello_worlds/3d-eng/../psyq/lib/libapi.a(a19.o)
 .note          0x0000000000000244       0x74 /home/hyena/nolibgs_hello_worlds/3d-eng/../psyq/lib/libapi.a(a21.o)
 .note          0x00000000000002b8       0x74 /home/hyena/nolibgs_hello_worlds/3d-eng/../psyq/lib/libapi.a(a36.o)
 .note          0x000000000000032c       0x74 /home/hyena/nolibgs_hello_worlds/3d-eng/../psyq/lib/libapi.a(a37.o)
 .note          0x00000000000003a0       0x74 /home/hyena/nolibgs_hello_worlds/3d-eng/../psyq/lib/libapi.a(a91.o)
 .note          0x0000000000000414       0x74 /home/hyena/nolibgs_hello_worlds/3d-eng/../psyq/lib/libapi.a(c68.o)
 .note          0x0000000000000488       0x74 /home/hyena/nolibgs_hello_worlds/3d-eng/../psyq/lib/libapi.a(chclrpad.o)
 .note          0x00000000000004fc       0x74 /home/hyena/nolibgs_hello_worlds/3d-eng/../psyq/lib/libapi.a(l02.o)
 .note          0x0000000000000570       0x74 /home/hyena/nolibgs_hello_worlds/3d-eng/../psyq/lib/libapi.a(l03.o)
 .note          0x00000000000005e4       0x74 /home/hyena/nolibgs_hello_worlds/3d-eng/../psyq/lib/libc.a(c42.o)
 .note          0x0000000000000658       0x74 /home/hyena/nolibgs_hello_worlds/3d-eng/../psyq/lib/libetc.a(intr.o)
 .note          0x00000000000006cc       0x74 /home/hyena/nolibgs_hello_worlds/3d-eng/../psyq/lib/libetc.a(intr_dma.o)
 .note          0x0000000000000740       0x74 /home/hyena/nolibgs_hello_worlds/3d-eng/../psyq/lib/libetc.a(intr_vb.o)
 .note          0x00000000000007b4       0x74 /home/hyena/nolibgs_hello_worlds/3d-eng/../psyq/lib/libetc.a(vsync.o)
 .note          0x0000000000000828       0x74 /home/hyena/nolibgs_hello_worlds/3d-eng/../psyq/lib/libgpu.a(e03.o)
 .note          0x000000000000089c       0x74 /home/hyena/nolibgs_hello_worlds/3d-eng/../psyq/lib/libgpu.a(e04.o)
 .note          0x0000000000000910       0x74 /home/hyena/nolibgs_hello_worlds/3d-eng/../psyq/lib/libgpu.a(font.o)
 .note          0x0000000000000984       0x74 /home/hyena/nolibgs_hello_worlds/3d-eng/../psyq/lib/libgpu.a(p06.o)
 .note          0x00000000000009f8       0x74 /home/hyena/nolibgs_hello_worlds/3d-eng/../psyq/lib/libgpu.a(p07.o)
 .note          0x0000000000000a6c       0x74 /home/hyena/nolibgs_hello_worlds/3d-eng/../psyq/lib/libgpu.a(p09.o)
 .note          0x0000000000000ae0       0x74 /home/hyena/nolibgs_hello_worlds/3d-eng/../psyq/lib/libgpu.a(p10.o)
 .note          0x0000000000000b54       0x74 /home/hyena/nolibgs_hello_worlds/3d-eng/../psyq/lib/libgpu.a(p11.o)
 .note          0x0000000000000bc8       0x74 /home/hyena/nolibgs_hello_worlds/3d-eng/../psyq/lib/libgpu.a(p15.o)
 .note          0x0000000000000c3c       0x74 /home/hyena/nolibgs_hello_worlds/3d-eng/../psyq/lib/libgpu.a(p19.o)
 .note          0x0000000000000cb0       0x74 /home/hyena/nolibgs_hello_worlds/3d-eng/../psyq/lib/libgpu.a(p20.o)
 .note          0x0000000000000d24       0x74 /home/hyena/nolibgs_hello_worlds/3d-eng/../psyq/lib/libgpu.a(p26.o)
 .note          0x0000000000000d98       0x74 /home/hyena/nolibgs_hello_worlds/3d-eng/../psyq/lib/libgpu.a(p41.o)
 .note          0x0000000000000e0c       0x74 /home/hyena/nolibgs_hello_worlds/3d-eng/../psyq/lib/libgpu.a(sys.o)
 .note          0x0000000000000e80       0x74 /home/hyena/nolibgs_hello_worlds/3d-eng/../psyq/lib/libgpu.a(t00.o)
 .note          0x0000000000000ef4       0x74 /home/hyena/nolibgs_hello_worlds/3d-eng/../psyq/lib/libgpu.a(e00.o)
 .note          0x0000000000000f68       0x74 /home/hyena/nolibgs_hello_worlds/3d-eng/../psyq/lib/libgpu.a(e02.o)
 .note          0x0000000000000fdc       0x74 /home/hyena/nolibgs_hello_worlds/3d-eng/../psyq/lib/libgpu.a(p00.o)
 .note          0x0000000000001050       0x74 /home/hyena/nolibgs_hello_worlds/3d-eng/../psyq/lib/libgpu.a(p01.o)
 .note          0x00000000000010c4       0x74 /home/hyena/nolibgs_hello_worlds/3d-eng/../psyq/lib/libgte.a(fgo_00.o)
 .note          0x0000000000001138       0x74 /home/hyena/nolibgs_hello_worlds/3d-eng/../psyq/lib/libgte.a(fog_02.o)
 .note          0x00000000000011ac       0x74 /home/hyena/nolibgs_hello_worlds/3d-eng/../psyq/lib/libgte.a(msc00.o)
 .note          0x0000000000001220       0x74 /home/hyena/nolibgs_hello_worlds/3d-eng/../psyq/lib/libgte.a(msc02.o)
 .note          0x0000000000001294       0x74 /home/hyena/nolibgs_hello_worlds/3d-eng/../psyq/lib/libgte.a(mtx_004.o)
 .note          0x0000000000001308       0x74 /home/hyena/nolibgs_hello_worlds/3d-eng/../psyq/lib/libgte.a(mtx_006.o)
 .note          0x000000000000137c       0x74 /home/hyena/nolibgs_hello_worlds/3d-eng/../psyq/lib/libgte.a(mtx_009.o)
 .note          0x00000000000013f0       0x74 /home/hyena/nolibgs_hello_worlds/3d-eng/../psyq/lib/libgte.a(mtx_07.o)
 .note          0x0000000000001464       0x74 /home/hyena/nolibgs_hello_worlds/3d-eng/../psyq/lib/libgte.a(mtx_11.o)
 .note          0x00000000000014d8       0x74 /home/hyena/nolibgs_hello_worlds/3d-eng/../psyq/lib/libgte.a(patchgte.o)
 .note          0x000000000000154c       0x74 /home/hyena/nolibgs_hello_worlds/3d-eng/../psyq/lib/libgte.a(reg03_14.o)
 .note          0x00000000000015c0       0x74 /home/hyena/nolibgs_hello_worlds/3d-eng/../psyq/lib/libgte.a(reg03_15.o)
 .note          0x0000000000001634       0x74 /home/hyena/nolibgs_hello_worlds/3d-eng/../psyq/lib/libgte.a(reg09.o)
 .note          0x00000000000016a8       0x74 /home/hyena/nolibgs_hello_worlds/3d-eng/../psyq/lib/libgte.a(reg10.o)
 .note          0x000000000000171c       0x74 /home/hyena/nolibgs_hello_worlds/3d-eng/../psyq/lib/libgte.a(reg11.o)
 .note          0x0000000000001790       0x74 /home/hyena/nolibgs_hello_worlds/3d-eng/../psyq/lib/libgte.a(reg12.o)
 .note          0x0000000000001804       0x74 /home/hyena/nolibgs_hello_worlds/3d-eng/../psyq/lib/libgte.a(reg13.o)
 .note          0x0000000000001878       0x74 /home/hyena/nolibgs_hello_worlds/3d-eng/../psyq/lib/libgte.a(rmat_01.o)
 .note          0x00000000000018ec       0x74 /home/hyena/nolibgs_hello_worlds/3d-eng/../psyq/lib/libgte.a(cstbl.o)
 .note          0x0000000000001960       0x74 /home/hyena/nolibgs_hello_worlds/3d-eng/../psyq/lib/libspu.a(s_i.o)
 .note          0x00000000000019d4       0x74 /home/hyena/nolibgs_hello_worlds/3d-eng/../psyq/lib/libspu.a(s_ini.o)
 .note          0x0000000000001a48       0x74 /home/hyena/nolibgs_hello_worlds/3d-eng/../psyq/lib/libspu.a(s_itc.o)
 .note          0x0000000000001abc       0x74 /home/hyena/nolibgs_hello_worlds/3d-eng/../psyq/lib/libspu.a(s_m.o)
 .note          0x0000000000001b30       0x74 /home/hyena/nolibgs_hello_worlds/3d-eng/../psyq/lib/libspu.a(s_m_f.o)
 .note          0x0000000000001ba4       0x74 /home/hyena/nolibgs_hello_worlds/3d-eng/../psyq/lib/libspu.a(s_m_init.o)
 .note          0x0000000000001c18       0x74 /home/hyena/nolibgs_hello_worlds/3d-eng/../psyq/lib/libspu.a(s_m_int.o)
 .note          0x0000000000001c8c       0x74 /home/hyena/nolibgs_hello_worlds/3d-eng/../psyq/lib/libspu.a(s_m_m.o)
 .note          0x0000000000001d00       0x74 /home/hyena/nolibgs_hello_worlds/3d-eng/../psyq/lib/libspu.a(s_rmp0.o)
 .note          0x0000000000001d74       0x74 /home/hyena/nolibgs_hello_worlds/3d-eng/../psyq/lib/libspu.a(s_sca.o)
 .note          0x0000000000001de8       0x74 /home/hyena/nolibgs_hello_worlds/3d-eng/../psyq/lib/libspu.a(s_si.o)
 .note          0x0000000000001e5c       0x74 /home/hyena/nolibgs_hello_worlds/3d-eng/../psyq/lib/libspu.a(s_sk.o)
 .note          0x0000000000001ed0       0x74 /home/hyena/nolibgs_hello_worlds/3d-eng/../psyq/lib/libspu.a(s_stm.o)
 .note          0x0000000000001f44       0x74 /home/hyena/nolibgs_hello_worlds/3d-eng/../psyq/lib/libspu.a(s_stsa.o)
 .note          0x0000000000001fb8       0x74 /home/hyena/nolibgs_hello_worlds/3d-eng/../psyq/lib/libspu.a(s_sva.o)
 .note          0x000000000000202c       0x74 /home/hyena/nolibgs_hello_worlds/3d-eng/../psyq/lib/libspu.a(s_w.o)
 .note          0x00000000000020a0       0x74 /home/hyena/nolibgs_hello_worlds/3d-eng/../psyq/lib/libspu.a(spu.o)
 .note          0x0000000000002114       0x74 /home/hyena/nolibgs_hello_worlds/3d-eng/../psyq/lib/libspu.a(s_dcb.o)
 .note          0x0000000000002188       0x74 /home/hyena/nolibgs_hello_worlds/3d-eng/../psyq/lib/libspu.a(s_n2p.o)
 .note          0x00000000000021fc       0x74 /home/hyena/nolibgs_hello_worlds/3d-eng/../psyq/lib/libcd.a(cdr_1.o)
 .note          0x0000000000002270       0x74 /home/hyena/nolibgs_hello_worlds/3d-eng/../psyq/lib/libcd.a(cre_1.o)
 .note          0x00000000000022e4       0x74 /home/hyena/nolibgs_hello_worlds/3d-eng/../psyq/lib/libcd.a(event.o)
 .note          0x0000000000002358       0x74 /home/hyena/nolibgs_hello_worlds/3d-eng/../psyq/lib/libcd.a(iso9660.o)
 .note          0x00000000000023cc       0x74 /home/hyena/nolibgs_hello_worlds/3d-eng/../psyq/lib/libcd.a(s_002.o)
 .note          0x0000000000002440       0x74 /home/hyena/nolibgs_hello_worlds/3d-eng/../psyq/lib/libcd.a(s_003.o)
 .note          0x00000000000024b4       0x74 /home/hyena/nolibgs_hello_worlds/3d-eng/../psyq/lib/libcd.a(s_004.o)
 .note          0x0000000000002528       0x74 /home/hyena/nolibgs_hello_worlds/3d-eng/../psyq/lib/libcd.a(s_006.o)
 .note          0x000000000000259c       0x74 /home/hyena/nolibgs_hello_worlds/3d-eng/../psyq/lib/libcd.a(s_008.o)
 .note          0x0000000000002610       0x74 /home/hyena/nolibgs_hello_worlds/3d-eng/../psyq/lib/libcd.a(s_013.o)
 .note          0x0000000000002684       0x74 /home/hyena/nolibgs_hello_worlds/3d-eng/../psyq/lib/libcd.a(s_014.o)
 .note          0x00000000000026f8       0x74 /home/hyena/nolibgs_hello_worlds/3d-eng/../psyq/lib/libcd.a(s_015.o)
 .note          0x000000000000276c       0x74 /home/hyena/nolibgs_hello_worlds/3d-eng/../psyq/lib/libcd.a(s_016.o)
 .note          0x00000000000027e0       0x74 /home/hyena/nolibgs_hello_worlds/3d-eng/../psyq/lib/libcd.a(s_021.o)
 .note          0x0000000000002854       0x74 /home/hyena/nolibgs_hello_worlds/3d-eng/../psyq/lib/libcd.a(s_022.o)
 .note          0x00000000000028c8       0x74 /home/hyena/nolibgs_hello_worlds/3d-eng/../psyq/lib/libcd.a(s_023.o)
 .note          0x000000000000293c       0x74 /home/hyena/nolibgs_hello_worlds/3d-eng/../psyq/lib/libcd.a(s_024.o)
 .note          0x00000000000029b0       0x74 /home/hyena/nolibgs_hello_worlds/3d-eng/../psyq/lib/libcd.a(sys.o)
 .note          0x0000000000002a24       0x74 /home/hyena/nolibgs_hello_worlds/3d-eng/../psyq/lib/libcd.a(bios_1.o)
 .note          0x0000000000002a98       0x74 /home/hyena/nolibgs_hello_worlds/3d-eng/../psyq/lib/libcd.a(bios_2.o)
 .note          0x0000000000002b0c       0x74 /home/hyena/nolibgs_hello_worlds/3d-eng/../psyq/lib/libcd.a(bios_3.o)
 .note          0x0000000000002b80       0x74 /home/hyena/nolibgs_hello_worlds/3d-eng/../psyq/lib/libapi.a(a07.o)
 .note          0x0000000000002bf4       0x74 /home/hyena/nolibgs_hello_worlds/3d-eng/../psyq/lib/libapi.a(a08.o)
 .note          0x0000000000002c68       0x74 /home/hyena/nolibgs_hello_worlds/3d-eng/../psyq/lib/libapi.a(a11.o)
 .note          0x0000000000002cdc       0x74 /home/hyena/nolibgs_hello_worlds/3d-eng/../psyq/lib/libapi.a(a12.o)
 .note          0x0000000000002d50       0x74 /home/hyena/nolibgs_hello_worlds/3d-eng/../psyq/lib/libapi.a(a23.o)
 .note          0x0000000000002dc4       0x74 /home/hyena/nolibgs_hello_worlds/3d-eng/../psyq/lib/libapi.a(a24.o)
 .note          0x0000000000002e38       0x74 /home/hyena/nolibgs_hello_worlds/3d-eng/../psyq/lib/libapi.a(a25.o)
 .note          0x0000000000002eac       0x74 /home/hyena/nolibgs_hello_worlds/3d-eng/../psyq/lib/libapi.a(c114.o)
 .note          0x0000000000002f20       0x74 /home/hyena/nolibgs_hello_worlds/3d-eng/../psyq/lib/libapi.a(c73.o)
 .note          0x0000000000002f94       0x74 /home/hyena/nolibgs_hello_worlds/3d-eng/../psyq/lib/libapi.a(l10.o)
 .note          0x0000000000003008       0x74 /home/hyena/nolibgs_hello_worlds/3d-eng/../psyq/lib/libc.a(a63.o)
 .note          0x000000000000307c       0x74 /home/hyena/nolibgs_hello_worlds/3d-eng/../psyq/lib/libc.a(c19.o)
 .note          0x00000000000030f0       0x74 /home/hyena/nolibgs_hello_worlds/3d-eng/../psyq/lib/libc.a(c21.o)
 .note          0x0000000000003164       0x74 /home/hyena/nolibgs_hello_worlds/3d-eng/../psyq/lib/libc.a(c23.o)
 .note          0x00000000000031d8       0x74 /home/hyena/nolibgs_hello_worlds/3d-eng/../psyq/lib/libc.a(c24.o)
 .note          0x000000000000324c       0x74 /home/hyena/nolibgs_hello_worlds/3d-eng/../psyq/lib/libc.a(c25.o)
 .note          0x00000000000032c0       0x74 /home/hyena/nolibgs_hello_worlds/3d-eng/../psyq/lib/libc.a(c27.o)
 .note          0x0000000000003334       0x74 /home/hyena/nolibgs_hello_worlds/3d-eng/../psyq/lib/libc.a(c43.o)
 .note          0x00000000000033a8       0x74 /home/hyena/nolibgs_hello_worlds/3d-eng/../psyq/lib/libc.a(c63.o)
 .note          0x000000000000341c       0x74 /home/hyena/nolibgs_hello_worlds/3d-eng/../psyq/lib/libetc.a(vmode.o)

.debug_info     0x0000000000000000    0x14424
 .debug_info    0x0000000000000000     0x31ee src/main.o
 .debug_info    0x00000000000031ee      0x211 src/pad.o
 .debug_info    0x00000000000033ff      0x8c0 src/math.o
 .debug_info    0x0000000000003cbf     0x232f src/camera.o
 .debug_info    0x0000000000005fee     0x2220 src/physics.o
 .debug_info    0x000000000000820e     0x351f src/graphics.o
 .debug_info    0x000000000000b72d     0x274d src/psx.o
 .debug_info    0x000000000000de7a      0x2f1 src/space.o
 .debug_info    0x000000000000e16b     0x2a2a src/sound.o